running develop
running egg_info
creating vehicle_data_manager.egg-info
writing vehicle_data_manager.egg-info/PKG-INFO
writing dependency_links to vehicle_data_manager.egg-info/dependency_links.txt
writing entry points to vehicle_data_manager.egg-info/entry_points.txt
writing requirements to vehicle_data_manager.egg-info/requires.txt
writing top-level names to vehicle_data_manager.egg-info/top_level.txt
writing manifest file 'vehicle_data_manager.egg-info/SOURCES.txt'
reading manifest file 'vehicle_data_manager.egg-info/SOURCES.txt'
writing manifest file 'vehicle_data_manager.egg-info/SOURCES.txt'
running build_ext
Creating /home/ethanreynolds/github/robot-rover-2025/codebase/ros2/src/install/vehicle_data_manager/lib/python3.8/site-packages/site.py
Creating /home/ethanreynolds/github/robot-rover-2025/codebase/ros2/src/install/vehicle_data_manager/lib/python3.8/site-packages/vehicle-data-manager.egg-link (link to .)

Installed /home/ethanreynolds/github/robot-rover-2025/codebase/ros2/src/build/vehicle_data_manager
running install_data
creating /home/ethanreynolds/github/robot-rover-2025/codebase/ros2/src/install/vehicle_data_manager/share/ament_index
creating /home/ethanreynolds/github/robot-rover-2025/codebase/ros2/src/install/vehicle_data_manager/share/ament_index/resource_index
creating /home/ethanreynolds/github/robot-rover-2025/codebase/ros2/src/install/vehicle_data_manager/share/ament_index/resource_index/packages
copying resource/vehicle_data_manager -> /home/ethanreynolds/github/robot-rover-2025/codebase/ros2/src/install/vehicle_data_manager/share/ament_index/resource_index/packages
copying package.xml -> /home/ethanreynolds/github/robot-rover-2025/codebase/ros2/src/install/vehicle_data_manager/share/vehicle_data_manager
