[0.375s] DEBUG:colcon:Command line arguments: ['/usr/bin/colcon', 'build', '--symlink-install']
[0.375s] DEBUG:colcon:Parsed command line arguments: Namespace(ament_cmake_args=None, base_paths=['.'], build_base='build', catkin_cmake_args=None, catkin_skip_building_tests=False, cmake_args=None, cmake_clean_cache=False, cmake_clean_first=False, cmake_force_configure=False, cmake_target=None, cmake_target_skip_unavailable=False, continue_on_error=False, event_handlers=None, executor='parallel', ignore_user_meta=False, install_base='install', log_base=None, log_level=None, main=<bound method BuildVerb.main of <colcon_core.verb.build.BuildVerb object at 0x7bc773f28610>>, merge_install=False, metas=['./colcon.meta'], mixin=None, mixin_files=None, mixin_verb=('build',), packages_above=None, packages_above_and_dependencies=None, packages_above_depth=None, packages_end=None, packages_ignore=None, packages_ignore_regex=None, packages_select=None, packages_select_build_failed=False, packages_select_by_dep=None, packages_select_regex=None, packages_select_test_failures=False, packages_skip=None, packages_skip_build_finished=False, packages_skip_by_dep=None, packages_skip_regex=None, packages_skip_test_passed=False, packages_skip_up_to=None, packages_start=None, packages_up_to=None, packages_up_to_regex=None, parallel_workers=16, paths=None, symlink_install=True, test_result_base=None, verb_extension=<colcon_core.verb.build.BuildVerb object at 0x7bc773f28610>, verb_name='build', verb_parser=<colcon_mixin.mixin.mixin_argument.MixinArgumentDecorator object at 0x7bc773f28c70>)
[0.412s] Level 1:colcon.colcon_core.package_discovery:discover_packages(colcon_meta) check parameters
[0.413s] INFO:colcon.colcon_metadata.package_discovery.colcon_meta:Using configuration from '/root/.colcon/metadata/default/Gazebo.meta'
[0.414s] INFO:colcon.colcon_metadata.package_discovery.colcon_meta:Using configuration from '/root/.colcon/metadata/default/fastdds.meta'
[0.414s] INFO:colcon.colcon_metadata.package_discovery.colcon_meta:Using configuration from '/root/.colcon/metadata/default/fastrtps.meta'
[0.414s] Level 1:colcon.colcon_core.package_discovery:discover_packages(recursive) check parameters
[0.414s] Level 1:colcon.colcon_core.package_discovery:discover_packages(ignore) check parameters
[0.414s] Level 1:colcon.colcon_core.package_discovery:discover_packages(path) check parameters
[0.414s] Level 1:colcon.colcon_core.package_discovery:discover_packages(colcon_meta) discover
[0.415s] Level 1:colcon.colcon_core.package_discovery:discover_packages(recursive) discover
[0.415s] INFO:colcon.colcon_core.package_discovery:Crawling recursively for packages in '/home/ethanreynolds/github/robot-rover-2025/codebase/ros2/src'
[0.415s] Level 1:colcon.colcon_core.package_identification:_identify(.) by extensions ['ignore', 'ignore_ament_install']
[0.415s] Level 1:colcon.colcon_core.package_identification:_identify(.) by extension 'ignore'
[0.415s] Level 1:colcon.colcon_core.package_identification:_identify(.) by extension 'ignore_ament_install'
[0.415s] Level 1:colcon.colcon_core.package_identification:_identify(.) by extensions ['colcon_pkg']
[0.415s] Level 1:colcon.colcon_core.package_identification:_identify(.) by extension 'colcon_pkg'
[0.415s] Level 1:colcon.colcon_core.package_identification:_identify(.) by extensions ['colcon_meta']
[0.415s] Level 1:colcon.colcon_core.package_identification:_identify(.) by extension 'colcon_meta'
[0.415s] Level 1:colcon.colcon_core.package_identification:_identify(.) by extensions ['ros']
[0.415s] Level 1:colcon.colcon_core.package_identification:_identify(.) by extension 'ros'
[0.454s] Level 1:colcon.colcon_core.package_identification:_identify(.) by extensions ['cmake', 'python']
[0.454s] Level 1:colcon.colcon_core.package_identification:_identify(.) by extension 'cmake'
[0.454s] Level 1:colcon.colcon_core.package_identification:_identify(.) by extension 'python'
[0.454s] Level 1:colcon.colcon_core.package_identification:_identify(.) by extensions ['python_setup_py']
[0.454s] Level 1:colcon.colcon_core.package_identification:_identify(.) by extension 'python_setup_py'
[0.454s] Level 1:colcon.colcon_core.package_identification:_identify(build) by extensions ['ignore', 'ignore_ament_install']
[0.454s] Level 1:colcon.colcon_core.package_identification:_identify(build) by extension 'ignore'
[0.454s] Level 1:colcon.colcon_core.package_identification:_identify(build) ignored
[0.455s] Level 1:colcon.colcon_core.package_identification:_identify(install) by extensions ['ignore', 'ignore_ament_install']
[0.455s] Level 1:colcon.colcon_core.package_identification:_identify(install) by extension 'ignore'
[0.455s] Level 1:colcon.colcon_core.package_identification:_identify(install) ignored
[0.455s] Level 1:colcon.colcon_core.package_identification:_identify(log) by extensions ['ignore', 'ignore_ament_install']
[0.455s] Level 1:colcon.colcon_core.package_identification:_identify(log) by extension 'ignore'
[0.455s] Level 1:colcon.colcon_core.package_identification:_identify(log) ignored
[0.455s] Level 1:colcon.colcon_core.package_identification:_identify(vehicle_assets) by extensions ['ignore', 'ignore_ament_install']
[0.455s] Level 1:colcon.colcon_core.package_identification:_identify(vehicle_assets) by extension 'ignore'
[0.455s] Level 1:colcon.colcon_core.package_identification:_identify(vehicle_assets) by extension 'ignore_ament_install'
[0.455s] Level 1:colcon.colcon_core.package_identification:_identify(vehicle_assets) by extensions ['colcon_pkg']
[0.455s] Level 1:colcon.colcon_core.package_identification:_identify(vehicle_assets) by extension 'colcon_pkg'
[0.455s] Level 1:colcon.colcon_core.package_identification:_identify(vehicle_assets) by extensions ['colcon_meta']
[0.455s] Level 1:colcon.colcon_core.package_identification:_identify(vehicle_assets) by extension 'colcon_meta'
[0.455s] Level 1:colcon.colcon_core.package_identification:_identify(vehicle_assets) by extensions ['ros']
[0.455s] Level 1:colcon.colcon_core.package_identification:_identify(vehicle_assets) by extension 'ros'
[0.459s] DEBUG:colcon.colcon_core.package_identification:Package 'vehicle_assets' with type 'ros.ament_python' and name 'vehicle_assets'
[0.459s] Level 1:colcon.colcon_core.package_identification:_identify(vehicle_bringup) by extensions ['ignore', 'ignore_ament_install']
[0.459s] Level 1:colcon.colcon_core.package_identification:_identify(vehicle_bringup) by extension 'ignore'
[0.459s] Level 1:colcon.colcon_core.package_identification:_identify(vehicle_bringup) by extension 'ignore_ament_install'
[0.459s] Level 1:colcon.colcon_core.package_identification:_identify(vehicle_bringup) by extensions ['colcon_pkg']
[0.459s] Level 1:colcon.colcon_core.package_identification:_identify(vehicle_bringup) by extension 'colcon_pkg'
[0.459s] Level 1:colcon.colcon_core.package_identification:_identify(vehicle_bringup) by extensions ['colcon_meta']
[0.459s] Level 1:colcon.colcon_core.package_identification:_identify(vehicle_bringup) by extension 'colcon_meta'
[0.460s] Level 1:colcon.colcon_core.package_identification:_identify(vehicle_bringup) by extensions ['ros']
[0.460s] Level 1:colcon.colcon_core.package_identification:_identify(vehicle_bringup) by extension 'ros'
[0.460s] DEBUG:colcon.colcon_core.package_identification:Package 'vehicle_bringup' with type 'ros.ament_python' and name 'vehicle_bringup'
[0.460s] Level 1:colcon.colcon_core.package_identification:_identify(vehicle_controllers) by extensions ['ignore', 'ignore_ament_install']
[0.460s] Level 1:colcon.colcon_core.package_identification:_identify(vehicle_controllers) by extension 'ignore'
[0.460s] Level 1:colcon.colcon_core.package_identification:_identify(vehicle_controllers) by extension 'ignore_ament_install'
[0.460s] Level 1:colcon.colcon_core.package_identification:_identify(vehicle_controllers) by extensions ['colcon_pkg']
[0.461s] Level 1:colcon.colcon_core.package_identification:_identify(vehicle_controllers) by extension 'colcon_pkg'
[0.461s] Level 1:colcon.colcon_core.package_identification:_identify(vehicle_controllers) by extensions ['colcon_meta']
[0.461s] Level 1:colcon.colcon_core.package_identification:_identify(vehicle_controllers) by extension 'colcon_meta'
[0.461s] Level 1:colcon.colcon_core.package_identification:_identify(vehicle_controllers) by extensions ['ros']
[0.461s] Level 1:colcon.colcon_core.package_identification:_identify(vehicle_controllers) by extension 'ros'
[0.461s] DEBUG:colcon.colcon_core.package_identification:Package 'vehicle_controllers' with type 'ros.ament_python' and name 'vehicle_controllers'
[0.461s] Level 1:colcon.colcon_core.package_identification:_identify(vehicle_data_manager) by extensions ['ignore', 'ignore_ament_install']
[0.461s] Level 1:colcon.colcon_core.package_identification:_identify(vehicle_data_manager) by extension 'ignore'
[0.461s] Level 1:colcon.colcon_core.package_identification:_identify(vehicle_data_manager) by extension 'ignore_ament_install'
[0.461s] Level 1:colcon.colcon_core.package_identification:_identify(vehicle_data_manager) by extensions ['colcon_pkg']
[0.462s] Level 1:colcon.colcon_core.package_identification:_identify(vehicle_data_manager) by extension 'colcon_pkg'
[0.462s] Level 1:colcon.colcon_core.package_identification:_identify(vehicle_data_manager) by extensions ['colcon_meta']
[0.462s] Level 1:colcon.colcon_core.package_identification:_identify(vehicle_data_manager) by extension 'colcon_meta'
[0.462s] Level 1:colcon.colcon_core.package_identification:_identify(vehicle_data_manager) by extensions ['ros']
[0.462s] Level 1:colcon.colcon_core.package_identification:_identify(vehicle_data_manager) by extension 'ros'
[0.462s] DEBUG:colcon.colcon_core.package_identification:Package 'vehicle_data_manager' with type 'ros.ament_python' and name 'vehicle_data_manager'
[0.463s] Level 1:colcon.colcon_core.package_identification:_identify(vehicle_interfaces) by extensions ['ignore', 'ignore_ament_install']
[0.463s] Level 1:colcon.colcon_core.package_identification:_identify(vehicle_interfaces) by extension 'ignore'
[0.463s] Level 1:colcon.colcon_core.package_identification:_identify(vehicle_interfaces) by extension 'ignore_ament_install'
[0.463s] Level 1:colcon.colcon_core.package_identification:_identify(vehicle_interfaces) by extensions ['colcon_pkg']
[0.463s] Level 1:colcon.colcon_core.package_identification:_identify(vehicle_interfaces) by extension 'colcon_pkg'
[0.463s] Level 1:colcon.colcon_core.package_identification:_identify(vehicle_interfaces) by extensions ['colcon_meta']
[0.463s] Level 1:colcon.colcon_core.package_identification:_identify(vehicle_interfaces) by extension 'colcon_meta'
[0.463s] Level 1:colcon.colcon_core.package_identification:_identify(vehicle_interfaces) by extensions ['ros']
[0.463s] Level 1:colcon.colcon_core.package_identification:_identify(vehicle_interfaces) by extension 'ros'
[0.464s] DEBUG:colcon.colcon_core.package_identification:Package 'vehicle_interfaces' with type 'ros.ament_cmake' and name 'vehicle_interfaces'
[0.464s] Level 1:colcon.colcon_core.package_identification:_identify(vehicle_navigation) by extensions ['ignore', 'ignore_ament_install']
[0.464s] Level 1:colcon.colcon_core.package_identification:_identify(vehicle_navigation) by extension 'ignore'
[0.464s] Level 1:colcon.colcon_core.package_identification:_identify(vehicle_navigation) by extension 'ignore_ament_install'
[0.464s] Level 1:colcon.colcon_core.package_identification:_identify(vehicle_navigation) by extensions ['colcon_pkg']
[0.464s] Level 1:colcon.colcon_core.package_identification:_identify(vehicle_navigation) by extension 'colcon_pkg'
[0.464s] Level 1:colcon.colcon_core.package_identification:_identify(vehicle_navigation) by extensions ['colcon_meta']
[0.464s] Level 1:colcon.colcon_core.package_identification:_identify(vehicle_navigation) by extension 'colcon_meta'
[0.464s] Level 1:colcon.colcon_core.package_identification:_identify(vehicle_navigation) by extensions ['ros']
[0.464s] Level 1:colcon.colcon_core.package_identification:_identify(vehicle_navigation) by extension 'ros'
[0.465s] DEBUG:colcon.colcon_core.package_identification:Package 'vehicle_navigation' with type 'ros.ament_python' and name 'vehicle_navigation'
[0.465s] Level 1:colcon.colcon_core.package_identification:_identify(vehicle_networking) by extensions ['ignore', 'ignore_ament_install']
[0.465s] Level 1:colcon.colcon_core.package_identification:_identify(vehicle_networking) by extension 'ignore'
[0.465s] Level 1:colcon.colcon_core.package_identification:_identify(vehicle_networking) by extension 'ignore_ament_install'
[0.465s] Level 1:colcon.colcon_core.package_identification:_identify(vehicle_networking) by extensions ['colcon_pkg']
[0.465s] Level 1:colcon.colcon_core.package_identification:_identify(vehicle_networking) by extension 'colcon_pkg'
[0.465s] Level 1:colcon.colcon_core.package_identification:_identify(vehicle_networking) by extensions ['colcon_meta']
[0.465s] Level 1:colcon.colcon_core.package_identification:_identify(vehicle_networking) by extension 'colcon_meta'
[0.465s] Level 1:colcon.colcon_core.package_identification:_identify(vehicle_networking) by extensions ['ros']
[0.465s] Level 1:colcon.colcon_core.package_identification:_identify(vehicle_networking) by extension 'ros'
[0.466s] DEBUG:colcon.colcon_core.package_identification:Package 'vehicle_networking' with type 'ros.ament_python' and name 'vehicle_networking'
[0.466s] Level 1:colcon.colcon_core.package_identification:_identify(vehicle_packet_manager) by extensions ['ignore', 'ignore_ament_install']
[0.466s] Level 1:colcon.colcon_core.package_identification:_identify(vehicle_packet_manager) by extension 'ignore'
[0.466s] Level 1:colcon.colcon_core.package_identification:_identify(vehicle_packet_manager) by extension 'ignore_ament_install'
[0.466s] Level 1:colcon.colcon_core.package_identification:_identify(vehicle_packet_manager) by extensions ['colcon_pkg']
[0.466s] Level 1:colcon.colcon_core.package_identification:_identify(vehicle_packet_manager) by extension 'colcon_pkg'
[0.466s] Level 1:colcon.colcon_core.package_identification:_identify(vehicle_packet_manager) by extensions ['colcon_meta']
[0.466s] Level 1:colcon.colcon_core.package_identification:_identify(vehicle_packet_manager) by extension 'colcon_meta'
[0.466s] Level 1:colcon.colcon_core.package_identification:_identify(vehicle_packet_manager) by extensions ['ros']
[0.466s] Level 1:colcon.colcon_core.package_identification:_identify(vehicle_packet_manager) by extension 'ros'
[0.467s] DEBUG:colcon.colcon_core.package_identification:Package 'vehicle_packet_manager' with type 'ros.ament_python' and name 'vehicle_packet_manager'
[0.467s] Level 1:colcon.colcon_core.package_identification:_identify(vehicle_simulation) by extensions ['ignore', 'ignore_ament_install']
[0.467s] Level 1:colcon.colcon_core.package_identification:_identify(vehicle_simulation) by extension 'ignore'
[0.467s] Level 1:colcon.colcon_core.package_identification:_identify(vehicle_simulation) by extension 'ignore_ament_install'
[0.467s] Level 1:colcon.colcon_core.package_identification:_identify(vehicle_simulation) by extensions ['colcon_pkg']
[0.467s] Level 1:colcon.colcon_core.package_identification:_identify(vehicle_simulation) by extension 'colcon_pkg'
[0.467s] Level 1:colcon.colcon_core.package_identification:_identify(vehicle_simulation) by extensions ['colcon_meta']
[0.467s] Level 1:colcon.colcon_core.package_identification:_identify(vehicle_simulation) by extension 'colcon_meta'
[0.467s] Level 1:colcon.colcon_core.package_identification:_identify(vehicle_simulation) by extensions ['ros']
[0.467s] Level 1:colcon.colcon_core.package_identification:_identify(vehicle_simulation) by extension 'ros'
[0.468s] DEBUG:colcon.colcon_core.package_identification:Package 'vehicle_simulation' with type 'ros.ament_python' and name 'vehicle_simulation'
[0.468s] Level 1:colcon.colcon_core.package_identification:_identify(vehicle_string_converter) by extensions ['ignore', 'ignore_ament_install']
[0.468s] Level 1:colcon.colcon_core.package_identification:_identify(vehicle_string_converter) by extension 'ignore'
[0.468s] Level 1:colcon.colcon_core.package_identification:_identify(vehicle_string_converter) by extension 'ignore_ament_install'
[0.468s] Level 1:colcon.colcon_core.package_identification:_identify(vehicle_string_converter) by extensions ['colcon_pkg']
[0.468s] Level 1:colcon.colcon_core.package_identification:_identify(vehicle_string_converter) by extension 'colcon_pkg'
[0.468s] Level 1:colcon.colcon_core.package_identification:_identify(vehicle_string_converter) by extensions ['colcon_meta']
[0.468s] Level 1:colcon.colcon_core.package_identification:_identify(vehicle_string_converter) by extension 'colcon_meta'
[0.468s] Level 1:colcon.colcon_core.package_identification:_identify(vehicle_string_converter) by extensions ['ros']
[0.468s] Level 1:colcon.colcon_core.package_identification:_identify(vehicle_string_converter) by extension 'ros'
[0.469s] DEBUG:colcon.colcon_core.package_identification:Package 'vehicle_string_converter' with type 'ros.ament_python' and name 'vehicle_string_converter'
[0.469s] Level 1:colcon.colcon_core.package_discovery:discover_packages(recursive) using defaults
[0.469s] Level 1:colcon.colcon_core.package_discovery:discover_packages(ignore) discover
[0.469s] Level 1:colcon.colcon_core.package_discovery:discover_packages(ignore) using defaults
[0.469s] Level 1:colcon.colcon_core.package_discovery:discover_packages(path) discover
[0.469s] Level 1:colcon.colcon_core.package_discovery:discover_packages(path) using defaults
[0.502s] Level 5:colcon.colcon_core.verb:set package 'vehicle_assets' build argument 'cmake_args' from command line to 'None'
[0.502s] Level 5:colcon.colcon_core.verb:set package 'vehicle_assets' build argument 'cmake_target' from command line to 'None'
[0.502s] Level 5:colcon.colcon_core.verb:set package 'vehicle_assets' build argument 'cmake_target_skip_unavailable' from command line to 'False'
[0.502s] Level 5:colcon.colcon_core.verb:set package 'vehicle_assets' build argument 'cmake_clean_cache' from command line to 'False'
[0.502s] Level 5:colcon.colcon_core.verb:set package 'vehicle_assets' build argument 'cmake_clean_first' from command line to 'False'
[0.502s] Level 5:colcon.colcon_core.verb:set package 'vehicle_assets' build argument 'cmake_force_configure' from command line to 'False'
[0.502s] Level 5:colcon.colcon_core.verb:set package 'vehicle_assets' build argument 'ament_cmake_args' from command line to 'None'
[0.502s] Level 5:colcon.colcon_core.verb:set package 'vehicle_assets' build argument 'catkin_cmake_args' from command line to 'None'
[0.503s] Level 5:colcon.colcon_core.verb:set package 'vehicle_assets' build argument 'catkin_skip_building_tests' from command line to 'False'
[0.503s] DEBUG:colcon.colcon_core.verb:Building package 'vehicle_assets' with the following arguments: {'ament_cmake_args': None, 'build_base': '/home/ethanreynolds/github/robot-rover-2025/codebase/ros2/src/build/vehicle_assets', 'catkin_cmake_args': None, 'catkin_skip_building_tests': False, 'cmake_args': None, 'cmake_clean_cache': False, 'cmake_clean_first': False, 'cmake_force_configure': False, 'cmake_target': None, 'cmake_target_skip_unavailable': False, 'install_base': '/home/ethanreynolds/github/robot-rover-2025/codebase/ros2/src/install/vehicle_assets', 'merge_install': False, 'path': '/home/ethanreynolds/github/robot-rover-2025/codebase/ros2/src/vehicle_assets', 'symlink_install': True, 'test_result_base': None}
[0.503s] Level 5:colcon.colcon_core.verb:set package 'vehicle_bringup' build argument 'cmake_args' from command line to 'None'
[0.503s] Level 5:colcon.colcon_core.verb:set package 'vehicle_bringup' build argument 'cmake_target' from command line to 'None'
[0.503s] Level 5:colcon.colcon_core.verb:set package 'vehicle_bringup' build argument 'cmake_target_skip_unavailable' from command line to 'False'
[0.503s] Level 5:colcon.colcon_core.verb:set package 'vehicle_bringup' build argument 'cmake_clean_cache' from command line to 'False'
[0.503s] Level 5:colcon.colcon_core.verb:set package 'vehicle_bringup' build argument 'cmake_clean_first' from command line to 'False'
[0.503s] Level 5:colcon.colcon_core.verb:set package 'vehicle_bringup' build argument 'cmake_force_configure' from command line to 'False'
[0.503s] Level 5:colcon.colcon_core.verb:set package 'vehicle_bringup' build argument 'ament_cmake_args' from command line to 'None'
[0.503s] Level 5:colcon.colcon_core.verb:set package 'vehicle_bringup' build argument 'catkin_cmake_args' from command line to 'None'
[0.503s] Level 5:colcon.colcon_core.verb:set package 'vehicle_bringup' build argument 'catkin_skip_building_tests' from command line to 'False'
[0.503s] DEBUG:colcon.colcon_core.verb:Building package 'vehicle_bringup' with the following arguments: {'ament_cmake_args': None, 'build_base': '/home/ethanreynolds/github/robot-rover-2025/codebase/ros2/src/build/vehicle_bringup', 'catkin_cmake_args': None, 'catkin_skip_building_tests': False, 'cmake_args': None, 'cmake_clean_cache': False, 'cmake_clean_first': False, 'cmake_force_configure': False, 'cmake_target': None, 'cmake_target_skip_unavailable': False, 'install_base': '/home/ethanreynolds/github/robot-rover-2025/codebase/ros2/src/install/vehicle_bringup', 'merge_install': False, 'path': '/home/ethanreynolds/github/robot-rover-2025/codebase/ros2/src/vehicle_bringup', 'symlink_install': True, 'test_result_base': None}
[0.504s] Level 5:colcon.colcon_core.verb:set package 'vehicle_controllers' build argument 'cmake_args' from command line to 'None'
[0.504s] Level 5:colcon.colcon_core.verb:set package 'vehicle_controllers' build argument 'cmake_target' from command line to 'None'
[0.504s] Level 5:colcon.colcon_core.verb:set package 'vehicle_controllers' build argument 'cmake_target_skip_unavailable' from command line to 'False'
[0.504s] Level 5:colcon.colcon_core.verb:set package 'vehicle_controllers' build argument 'cmake_clean_cache' from command line to 'False'
[0.504s] Level 5:colcon.colcon_core.verb:set package 'vehicle_controllers' build argument 'cmake_clean_first' from command line to 'False'
[0.504s] Level 5:colcon.colcon_core.verb:set package 'vehicle_controllers' build argument 'cmake_force_configure' from command line to 'False'
[0.504s] Level 5:colcon.colcon_core.verb:set package 'vehicle_controllers' build argument 'ament_cmake_args' from command line to 'None'
[0.504s] Level 5:colcon.colcon_core.verb:set package 'vehicle_controllers' build argument 'catkin_cmake_args' from command line to 'None'
[0.504s] Level 5:colcon.colcon_core.verb:set package 'vehicle_controllers' build argument 'catkin_skip_building_tests' from command line to 'False'
[0.504s] DEBUG:colcon.colcon_core.verb:Building package 'vehicle_controllers' with the following arguments: {'ament_cmake_args': None, 'build_base': '/home/ethanreynolds/github/robot-rover-2025/codebase/ros2/src/build/vehicle_controllers', 'catkin_cmake_args': None, 'catkin_skip_building_tests': False, 'cmake_args': None, 'cmake_clean_cache': False, 'cmake_clean_first': False, 'cmake_force_configure': False, 'cmake_target': None, 'cmake_target_skip_unavailable': False, 'install_base': '/home/ethanreynolds/github/robot-rover-2025/codebase/ros2/src/install/vehicle_controllers', 'merge_install': False, 'path': '/home/ethanreynolds/github/robot-rover-2025/codebase/ros2/src/vehicle_controllers', 'symlink_install': True, 'test_result_base': None}
[0.505s] Level 5:colcon.colcon_core.verb:set package 'vehicle_data_manager' build argument 'cmake_args' from command line to 'None'
[0.505s] Level 5:colcon.colcon_core.verb:set package 'vehicle_data_manager' build argument 'cmake_target' from command line to 'None'
[0.505s] Level 5:colcon.colcon_core.verb:set package 'vehicle_data_manager' build argument 'cmake_target_skip_unavailable' from command line to 'False'
[0.505s] Level 5:colcon.colcon_core.verb:set package 'vehicle_data_manager' build argument 'cmake_clean_cache' from command line to 'False'
[0.505s] Level 5:colcon.colcon_core.verb:set package 'vehicle_data_manager' build argument 'cmake_clean_first' from command line to 'False'
[0.505s] Level 5:colcon.colcon_core.verb:set package 'vehicle_data_manager' build argument 'cmake_force_configure' from command line to 'False'
[0.505s] Level 5:colcon.colcon_core.verb:set package 'vehicle_data_manager' build argument 'ament_cmake_args' from command line to 'None'
[0.505s] Level 5:colcon.colcon_core.verb:set package 'vehicle_data_manager' build argument 'catkin_cmake_args' from command line to 'None'
[0.505s] Level 5:colcon.colcon_core.verb:set package 'vehicle_data_manager' build argument 'catkin_skip_building_tests' from command line to 'False'
[0.505s] DEBUG:colcon.colcon_core.verb:Building package 'vehicle_data_manager' with the following arguments: {'ament_cmake_args': None, 'build_base': '/home/ethanreynolds/github/robot-rover-2025/codebase/ros2/src/build/vehicle_data_manager', 'catkin_cmake_args': None, 'catkin_skip_building_tests': False, 'cmake_args': None, 'cmake_clean_cache': False, 'cmake_clean_first': False, 'cmake_force_configure': False, 'cmake_target': None, 'cmake_target_skip_unavailable': False, 'install_base': '/home/ethanreynolds/github/robot-rover-2025/codebase/ros2/src/install/vehicle_data_manager', 'merge_install': False, 'path': '/home/ethanreynolds/github/robot-rover-2025/codebase/ros2/src/vehicle_data_manager', 'symlink_install': True, 'test_result_base': None}
[0.506s] Level 5:colcon.colcon_core.verb:set package 'vehicle_interfaces' build argument 'cmake_args' from command line to 'None'
[0.506s] Level 5:colcon.colcon_core.verb:set package 'vehicle_interfaces' build argument 'cmake_target' from command line to 'None'
[0.506s] Level 5:colcon.colcon_core.verb:set package 'vehicle_interfaces' build argument 'cmake_target_skip_unavailable' from command line to 'False'
[0.506s] Level 5:colcon.colcon_core.verb:set package 'vehicle_interfaces' build argument 'cmake_clean_cache' from command line to 'False'
[0.506s] Level 5:colcon.colcon_core.verb:set package 'vehicle_interfaces' build argument 'cmake_clean_first' from command line to 'False'
[0.506s] Level 5:colcon.colcon_core.verb:set package 'vehicle_interfaces' build argument 'cmake_force_configure' from command line to 'False'
[0.506s] Level 5:colcon.colcon_core.verb:set package 'vehicle_interfaces' build argument 'ament_cmake_args' from command line to 'None'
[0.506s] Level 5:colcon.colcon_core.verb:set package 'vehicle_interfaces' build argument 'catkin_cmake_args' from command line to 'None'
[0.506s] Level 5:colcon.colcon_core.verb:set package 'vehicle_interfaces' build argument 'catkin_skip_building_tests' from command line to 'False'
[0.506s] DEBUG:colcon.colcon_core.verb:Building package 'vehicle_interfaces' with the following arguments: {'ament_cmake_args': None, 'build_base': '/home/ethanreynolds/github/robot-rover-2025/codebase/ros2/src/build/vehicle_interfaces', 'catkin_cmake_args': None, 'catkin_skip_building_tests': False, 'cmake_args': None, 'cmake_clean_cache': False, 'cmake_clean_first': False, 'cmake_force_configure': False, 'cmake_target': None, 'cmake_target_skip_unavailable': False, 'install_base': '/home/ethanreynolds/github/robot-rover-2025/codebase/ros2/src/install/vehicle_interfaces', 'merge_install': False, 'path': '/home/ethanreynolds/github/robot-rover-2025/codebase/ros2/src/vehicle_interfaces', 'symlink_install': True, 'test_result_base': None}
[0.507s] Level 5:colcon.colcon_core.verb:set package 'vehicle_navigation' build argument 'cmake_args' from command line to 'None'
[0.507s] Level 5:colcon.colcon_core.verb:set package 'vehicle_navigation' build argument 'cmake_target' from command line to 'None'
[0.507s] Level 5:colcon.colcon_core.verb:set package 'vehicle_navigation' build argument 'cmake_target_skip_unavailable' from command line to 'False'
[0.507s] Level 5:colcon.colcon_core.verb:set package 'vehicle_navigation' build argument 'cmake_clean_cache' from command line to 'False'
[0.507s] Level 5:colcon.colcon_core.verb:set package 'vehicle_navigation' build argument 'cmake_clean_first' from command line to 'False'
[0.507s] Level 5:colcon.colcon_core.verb:set package 'vehicle_navigation' build argument 'cmake_force_configure' from command line to 'False'
[0.507s] Level 5:colcon.colcon_core.verb:set package 'vehicle_navigation' build argument 'ament_cmake_args' from command line to 'None'
[0.508s] Level 5:colcon.colcon_core.verb:set package 'vehicle_navigation' build argument 'catkin_cmake_args' from command line to 'None'
[0.508s] Level 5:colcon.colcon_core.verb:set package 'vehicle_navigation' build argument 'catkin_skip_building_tests' from command line to 'False'
[0.508s] DEBUG:colcon.colcon_core.verb:Building package 'vehicle_navigation' with the following arguments: {'ament_cmake_args': None, 'build_base': '/home/ethanreynolds/github/robot-rover-2025/codebase/ros2/src/build/vehicle_navigation', 'catkin_cmake_args': None, 'catkin_skip_building_tests': False, 'cmake_args': None, 'cmake_clean_cache': False, 'cmake_clean_first': False, 'cmake_force_configure': False, 'cmake_target': None, 'cmake_target_skip_unavailable': False, 'install_base': '/home/ethanreynolds/github/robot-rover-2025/codebase/ros2/src/install/vehicle_navigation', 'merge_install': False, 'path': '/home/ethanreynolds/github/robot-rover-2025/codebase/ros2/src/vehicle_navigation', 'symlink_install': True, 'test_result_base': None}
[0.509s] Level 5:colcon.colcon_core.verb:set package 'vehicle_networking' build argument 'cmake_args' from command line to 'None'
[0.509s] Level 5:colcon.colcon_core.verb:set package 'vehicle_networking' build argument 'cmake_target' from command line to 'None'
[0.509s] Level 5:colcon.colcon_core.verb:set package 'vehicle_networking' build argument 'cmake_target_skip_unavailable' from command line to 'False'
[0.509s] Level 5:colcon.colcon_core.verb:set package 'vehicle_networking' build argument 'cmake_clean_cache' from command line to 'False'
[0.509s] Level 5:colcon.colcon_core.verb:set package 'vehicle_networking' build argument 'cmake_clean_first' from command line to 'False'
[0.509s] Level 5:colcon.colcon_core.verb:set package 'vehicle_networking' build argument 'cmake_force_configure' from command line to 'False'
[0.509s] Level 5:colcon.colcon_core.verb:set package 'vehicle_networking' build argument 'ament_cmake_args' from command line to 'None'
[0.509s] Level 5:colcon.colcon_core.verb:set package 'vehicle_networking' build argument 'catkin_cmake_args' from command line to 'None'
[0.509s] Level 5:colcon.colcon_core.verb:set package 'vehicle_networking' build argument 'catkin_skip_building_tests' from command line to 'False'
[0.509s] DEBUG:colcon.colcon_core.verb:Building package 'vehicle_networking' with the following arguments: {'ament_cmake_args': None, 'build_base': '/home/ethanreynolds/github/robot-rover-2025/codebase/ros2/src/build/vehicle_networking', 'catkin_cmake_args': None, 'catkin_skip_building_tests': False, 'cmake_args': None, 'cmake_clean_cache': False, 'cmake_clean_first': False, 'cmake_force_configure': False, 'cmake_target': None, 'cmake_target_skip_unavailable': False, 'install_base': '/home/ethanreynolds/github/robot-rover-2025/codebase/ros2/src/install/vehicle_networking', 'merge_install': False, 'path': '/home/ethanreynolds/github/robot-rover-2025/codebase/ros2/src/vehicle_networking', 'symlink_install': True, 'test_result_base': None}
[0.509s] Level 5:colcon.colcon_core.verb:set package 'vehicle_packet_manager' build argument 'cmake_args' from command line to 'None'
[0.509s] Level 5:colcon.colcon_core.verb:set package 'vehicle_packet_manager' build argument 'cmake_target' from command line to 'None'
[0.509s] Level 5:colcon.colcon_core.verb:set package 'vehicle_packet_manager' build argument 'cmake_target_skip_unavailable' from command line to 'False'
[0.510s] Level 5:colcon.colcon_core.verb:set package 'vehicle_packet_manager' build argument 'cmake_clean_cache' from command line to 'False'
[0.510s] Level 5:colcon.colcon_core.verb:set package 'vehicle_packet_manager' build argument 'cmake_clean_first' from command line to 'False'
[0.510s] Level 5:colcon.colcon_core.verb:set package 'vehicle_packet_manager' build argument 'cmake_force_configure' from command line to 'False'
[0.510s] Level 5:colcon.colcon_core.verb:set package 'vehicle_packet_manager' build argument 'ament_cmake_args' from command line to 'None'
[0.510s] Level 5:colcon.colcon_core.verb:set package 'vehicle_packet_manager' build argument 'catkin_cmake_args' from command line to 'None'
[0.510s] Level 5:colcon.colcon_core.verb:set package 'vehicle_packet_manager' build argument 'catkin_skip_building_tests' from command line to 'False'
[0.510s] DEBUG:colcon.colcon_core.verb:Building package 'vehicle_packet_manager' with the following arguments: {'ament_cmake_args': None, 'build_base': '/home/ethanreynolds/github/robot-rover-2025/codebase/ros2/src/build/vehicle_packet_manager', 'catkin_cmake_args': None, 'catkin_skip_building_tests': False, 'cmake_args': None, 'cmake_clean_cache': False, 'cmake_clean_first': False, 'cmake_force_configure': False, 'cmake_target': None, 'cmake_target_skip_unavailable': False, 'install_base': '/home/ethanreynolds/github/robot-rover-2025/codebase/ros2/src/install/vehicle_packet_manager', 'merge_install': False, 'path': '/home/ethanreynolds/github/robot-rover-2025/codebase/ros2/src/vehicle_packet_manager', 'symlink_install': True, 'test_result_base': None}
[0.510s] Level 5:colcon.colcon_core.verb:set package 'vehicle_simulation' build argument 'cmake_args' from command line to 'None'
[0.510s] Level 5:colcon.colcon_core.verb:set package 'vehicle_simulation' build argument 'cmake_target' from command line to 'None'
[0.510s] Level 5:colcon.colcon_core.verb:set package 'vehicle_simulation' build argument 'cmake_target_skip_unavailable' from command line to 'False'
[0.510s] Level 5:colcon.colcon_core.verb:set package 'vehicle_simulation' build argument 'cmake_clean_cache' from command line to 'False'
[0.510s] Level 5:colcon.colcon_core.verb:set package 'vehicle_simulation' build argument 'cmake_clean_first' from command line to 'False'
[0.510s] Level 5:colcon.colcon_core.verb:set package 'vehicle_simulation' build argument 'cmake_force_configure' from command line to 'False'
[0.510s] Level 5:colcon.colcon_core.verb:set package 'vehicle_simulation' build argument 'ament_cmake_args' from command line to 'None'
[0.510s] Level 5:colcon.colcon_core.verb:set package 'vehicle_simulation' build argument 'catkin_cmake_args' from command line to 'None'
[0.510s] Level 5:colcon.colcon_core.verb:set package 'vehicle_simulation' build argument 'catkin_skip_building_tests' from command line to 'False'
[0.510s] DEBUG:colcon.colcon_core.verb:Building package 'vehicle_simulation' with the following arguments: {'ament_cmake_args': None, 'build_base': '/home/ethanreynolds/github/robot-rover-2025/codebase/ros2/src/build/vehicle_simulation', 'catkin_cmake_args': None, 'catkin_skip_building_tests': False, 'cmake_args': None, 'cmake_clean_cache': False, 'cmake_clean_first': False, 'cmake_force_configure': False, 'cmake_target': None, 'cmake_target_skip_unavailable': False, 'install_base': '/home/ethanreynolds/github/robot-rover-2025/codebase/ros2/src/install/vehicle_simulation', 'merge_install': False, 'path': '/home/ethanreynolds/github/robot-rover-2025/codebase/ros2/src/vehicle_simulation', 'symlink_install': True, 'test_result_base': None}
[0.511s] Level 5:colcon.colcon_core.verb:set package 'vehicle_string_converter' build argument 'cmake_args' from command line to 'None'
[0.511s] Level 5:colcon.colcon_core.verb:set package 'vehicle_string_converter' build argument 'cmake_target' from command line to 'None'
[0.511s] Level 5:colcon.colcon_core.verb:set package 'vehicle_string_converter' build argument 'cmake_target_skip_unavailable' from command line to 'False'
[0.511s] Level 5:colcon.colcon_core.verb:set package 'vehicle_string_converter' build argument 'cmake_clean_cache' from command line to 'False'
[0.511s] Level 5:colcon.colcon_core.verb:set package 'vehicle_string_converter' build argument 'cmake_clean_first' from command line to 'False'
[0.511s] Level 5:colcon.colcon_core.verb:set package 'vehicle_string_converter' build argument 'cmake_force_configure' from command line to 'False'
[0.511s] Level 5:colcon.colcon_core.verb:set package 'vehicle_string_converter' build argument 'ament_cmake_args' from command line to 'None'
[0.511s] Level 5:colcon.colcon_core.verb:set package 'vehicle_string_converter' build argument 'catkin_cmake_args' from command line to 'None'
[0.511s] Level 5:colcon.colcon_core.verb:set package 'vehicle_string_converter' build argument 'catkin_skip_building_tests' from command line to 'False'
[0.511s] DEBUG:colcon.colcon_core.verb:Building package 'vehicle_string_converter' with the following arguments: {'ament_cmake_args': None, 'build_base': '/home/ethanreynolds/github/robot-rover-2025/codebase/ros2/src/build/vehicle_string_converter', 'catkin_cmake_args': None, 'catkin_skip_building_tests': False, 'cmake_args': None, 'cmake_clean_cache': False, 'cmake_clean_first': False, 'cmake_force_configure': False, 'cmake_target': None, 'cmake_target_skip_unavailable': False, 'install_base': '/home/ethanreynolds/github/robot-rover-2025/codebase/ros2/src/install/vehicle_string_converter', 'merge_install': False, 'path': '/home/ethanreynolds/github/robot-rover-2025/codebase/ros2/src/vehicle_string_converter', 'symlink_install': True, 'test_result_base': None}
[0.512s] INFO:colcon.colcon_core.executor:Executing jobs using 'parallel' executor
[0.515s] DEBUG:colcon.colcon_parallel_executor.executor.parallel:run_until_complete
[0.516s] INFO:colcon.colcon_ros.task.ament_python.build:Building ROS package in '/home/ethanreynolds/github/robot-rover-2025/codebase/ros2/src/vehicle_assets' with build type 'ament_python'
[0.516s] Level 1:colcon.colcon_core.shell:create_environment_hook('vehicle_assets', 'ament_prefix_path')
[0.523s] INFO:colcon.colcon_core.plugin_system:Skipping extension 'colcon_core.shell.bat': Not used on non-Windows systems
[0.524s] INFO:colcon.colcon_core.shell:Creating environment hook '/home/ethanreynolds/github/robot-rover-2025/codebase/ros2/src/install/vehicle_assets/share/vehicle_assets/hook/ament_prefix_path.ps1'
[0.525s] INFO:colcon.colcon_core.shell:Creating environment descriptor '/home/ethanreynolds/github/robot-rover-2025/codebase/ros2/src/install/vehicle_assets/share/vehicle_assets/hook/ament_prefix_path.dsv'
[0.526s] INFO:colcon.colcon_core.shell:Creating environment hook '/home/ethanreynolds/github/robot-rover-2025/codebase/ros2/src/install/vehicle_assets/share/vehicle_assets/hook/ament_prefix_path.sh'
[0.528s] INFO:colcon.colcon_core.shell:Skip shell extension 'powershell' for command environment: Not usable outside of PowerShell
[0.528s] DEBUG:colcon.colcon_core.shell:Skip shell extension 'dsv' for command environment
[0.538s] INFO:colcon.colcon_ros.task.ament_python.build:Building ROS package in '/home/ethanreynolds/github/robot-rover-2025/codebase/ros2/src/vehicle_bringup' with build type 'ament_python'
[0.538s] Level 1:colcon.colcon_core.shell:create_environment_hook('vehicle_bringup', 'ament_prefix_path')
[0.540s] INFO:colcon.colcon_core.shell:Creating environment hook '/home/ethanreynolds/github/robot-rover-2025/codebase/ros2/src/install/vehicle_bringup/share/vehicle_bringup/hook/ament_prefix_path.ps1'
[0.541s] INFO:colcon.colcon_core.shell:Creating environment descriptor '/home/ethanreynolds/github/robot-rover-2025/codebase/ros2/src/install/vehicle_bringup/share/vehicle_bringup/hook/ament_prefix_path.dsv'
[0.541s] INFO:colcon.colcon_core.shell:Creating environment hook '/home/ethanreynolds/github/robot-rover-2025/codebase/ros2/src/install/vehicle_bringup/share/vehicle_bringup/hook/ament_prefix_path.sh'
[0.543s] INFO:colcon.colcon_core.shell:Skip shell extension 'powershell' for command environment: Not usable outside of PowerShell
[0.543s] DEBUG:colcon.colcon_core.shell:Skip shell extension 'dsv' for command environment
[0.548s] INFO:colcon.colcon_ros.task.ament_python.build:Building ROS package in '/home/ethanreynolds/github/robot-rover-2025/codebase/ros2/src/vehicle_controllers' with build type 'ament_python'
[0.548s] Level 1:colcon.colcon_core.shell:create_environment_hook('vehicle_controllers', 'ament_prefix_path')
[0.550s] INFO:colcon.colcon_core.shell:Creating environment hook '/home/ethanreynolds/github/robot-rover-2025/codebase/ros2/src/install/vehicle_controllers/share/vehicle_controllers/hook/ament_prefix_path.ps1'
[0.551s] INFO:colcon.colcon_core.shell:Creating environment descriptor '/home/ethanreynolds/github/robot-rover-2025/codebase/ros2/src/install/vehicle_controllers/share/vehicle_controllers/hook/ament_prefix_path.dsv'
[0.551s] INFO:colcon.colcon_core.shell:Creating environment hook '/home/ethanreynolds/github/robot-rover-2025/codebase/ros2/src/install/vehicle_controllers/share/vehicle_controllers/hook/ament_prefix_path.sh'
[0.552s] INFO:colcon.colcon_core.shell:Skip shell extension 'powershell' for command environment: Not usable outside of PowerShell
[0.552s] DEBUG:colcon.colcon_core.shell:Skip shell extension 'dsv' for command environment
[0.557s] INFO:colcon.colcon_ros.task.ament_python.build:Building ROS package in '/home/ethanreynolds/github/robot-rover-2025/codebase/ros2/src/vehicle_data_manager' with build type 'ament_python'
[0.558s] Level 1:colcon.colcon_core.shell:create_environment_hook('vehicle_data_manager', 'ament_prefix_path')
[0.559s] INFO:colcon.colcon_core.shell:Creating environment hook '/home/ethanreynolds/github/robot-rover-2025/codebase/ros2/src/install/vehicle_data_manager/share/vehicle_data_manager/hook/ament_prefix_path.ps1'
[0.560s] INFO:colcon.colcon_core.shell:Creating environment descriptor '/home/ethanreynolds/github/robot-rover-2025/codebase/ros2/src/install/vehicle_data_manager/share/vehicle_data_manager/hook/ament_prefix_path.dsv'
[0.560s] INFO:colcon.colcon_core.shell:Creating environment hook '/home/ethanreynolds/github/robot-rover-2025/codebase/ros2/src/install/vehicle_data_manager/share/vehicle_data_manager/hook/ament_prefix_path.sh'
[0.561s] INFO:colcon.colcon_core.shell:Skip shell extension 'powershell' for command environment: Not usable outside of PowerShell
[0.561s] DEBUG:colcon.colcon_core.shell:Skip shell extension 'dsv' for command environment
[0.565s] INFO:colcon.colcon_ros.task.ament_cmake.build:Building ROS package in '/home/ethanreynolds/github/robot-rover-2025/codebase/ros2/src/vehicle_interfaces' with build type 'ament_cmake'
[0.565s] INFO:colcon.colcon_cmake.task.cmake.build:Building CMake package in '/home/ethanreynolds/github/robot-rover-2025/codebase/ros2/src/vehicle_interfaces'
[0.566s] INFO:colcon.colcon_core.shell:Skip shell extension 'powershell' for command environment: Not usable outside of PowerShell
[0.567s] DEBUG:colcon.colcon_core.shell:Skip shell extension 'dsv' for command environment
[0.572s] INFO:colcon.colcon_ros.task.ament_python.build:Building ROS package in '/home/ethanreynolds/github/robot-rover-2025/codebase/ros2/src/vehicle_navigation' with build type 'ament_python'
[0.572s] Level 1:colcon.colcon_core.shell:create_environment_hook('vehicle_navigation', 'ament_prefix_path')
[0.573s] INFO:colcon.colcon_core.shell:Creating environment hook '/home/ethanreynolds/github/robot-rover-2025/codebase/ros2/src/install/vehicle_navigation/share/vehicle_navigation/hook/ament_prefix_path.ps1'
[0.574s] INFO:colcon.colcon_core.shell:Creating environment descriptor '/home/ethanreynolds/github/robot-rover-2025/codebase/ros2/src/install/vehicle_navigation/share/vehicle_navigation/hook/ament_prefix_path.dsv'
[0.574s] INFO:colcon.colcon_core.shell:Creating environment hook '/home/ethanreynolds/github/robot-rover-2025/codebase/ros2/src/install/vehicle_navigation/share/vehicle_navigation/hook/ament_prefix_path.sh'
[0.576s] INFO:colcon.colcon_core.shell:Skip shell extension 'powershell' for command environment: Not usable outside of PowerShell
[0.576s] DEBUG:colcon.colcon_core.shell:Skip shell extension 'dsv' for command environment
[0.581s] INFO:colcon.colcon_ros.task.ament_python.build:Building ROS package in '/home/ethanreynolds/github/robot-rover-2025/codebase/ros2/src/vehicle_networking' with build type 'ament_python'
[0.581s] Level 1:colcon.colcon_core.shell:create_environment_hook('vehicle_networking', 'ament_prefix_path')
[0.582s] INFO:colcon.colcon_core.shell:Creating environment hook '/home/ethanreynolds/github/robot-rover-2025/codebase/ros2/src/install/vehicle_networking/share/vehicle_networking/hook/ament_prefix_path.ps1'
[0.583s] INFO:colcon.colcon_core.shell:Creating environment descriptor '/home/ethanreynolds/github/robot-rover-2025/codebase/ros2/src/install/vehicle_networking/share/vehicle_networking/hook/ament_prefix_path.dsv'
[0.584s] INFO:colcon.colcon_core.shell:Creating environment hook '/home/ethanreynolds/github/robot-rover-2025/codebase/ros2/src/install/vehicle_networking/share/vehicle_networking/hook/ament_prefix_path.sh'
[0.585s] INFO:colcon.colcon_core.shell:Skip shell extension 'powershell' for command environment: Not usable outside of PowerShell
[0.585s] DEBUG:colcon.colcon_core.shell:Skip shell extension 'dsv' for command environment
[0.592s] INFO:colcon.colcon_ros.task.ament_python.build:Building ROS package in '/home/ethanreynolds/github/robot-rover-2025/codebase/ros2/src/vehicle_packet_manager' with build type 'ament_python'
[0.592s] Level 1:colcon.colcon_core.shell:create_environment_hook('vehicle_packet_manager', 'ament_prefix_path')
[0.594s] INFO:colcon.colcon_core.shell:Creating environment hook '/home/ethanreynolds/github/robot-rover-2025/codebase/ros2/src/install/vehicle_packet_manager/share/vehicle_packet_manager/hook/ament_prefix_path.ps1'
[0.596s] INFO:colcon.colcon_core.shell:Creating environment descriptor '/home/ethanreynolds/github/robot-rover-2025/codebase/ros2/src/install/vehicle_packet_manager/share/vehicle_packet_manager/hook/ament_prefix_path.dsv'
[0.596s] INFO:colcon.colcon_core.shell:Creating environment hook '/home/ethanreynolds/github/robot-rover-2025/codebase/ros2/src/install/vehicle_packet_manager/share/vehicle_packet_manager/hook/ament_prefix_path.sh'
[0.597s] INFO:colcon.colcon_core.shell:Skip shell extension 'powershell' for command environment: Not usable outside of PowerShell
[0.598s] DEBUG:colcon.colcon_core.shell:Skip shell extension 'dsv' for command environment
[0.604s] INFO:colcon.colcon_ros.task.ament_python.build:Building ROS package in '/home/ethanreynolds/github/robot-rover-2025/codebase/ros2/src/vehicle_simulation' with build type 'ament_python'
[0.604s] Level 1:colcon.colcon_core.shell:create_environment_hook('vehicle_simulation', 'ament_prefix_path')
[0.607s] INFO:colcon.colcon_core.shell:Creating environment hook '/home/ethanreynolds/github/robot-rover-2025/codebase/ros2/src/install/vehicle_simulation/share/vehicle_simulation/hook/ament_prefix_path.ps1'
[0.608s] INFO:colcon.colcon_core.shell:Creating environment descriptor '/home/ethanreynolds/github/robot-rover-2025/codebase/ros2/src/install/vehicle_simulation/share/vehicle_simulation/hook/ament_prefix_path.dsv'
[0.609s] INFO:colcon.colcon_core.shell:Creating environment hook '/home/ethanreynolds/github/robot-rover-2025/codebase/ros2/src/install/vehicle_simulation/share/vehicle_simulation/hook/ament_prefix_path.sh'
[0.611s] INFO:colcon.colcon_core.shell:Skip shell extension 'powershell' for command environment: Not usable outside of PowerShell
[0.611s] DEBUG:colcon.colcon_core.shell:Skip shell extension 'dsv' for command environment
[0.618s] INFO:colcon.colcon_ros.task.ament_python.build:Building ROS package in '/home/ethanreynolds/github/robot-rover-2025/codebase/ros2/src/vehicle_string_converter' with build type 'ament_python'
[0.618s] Level 1:colcon.colcon_core.shell:create_environment_hook('vehicle_string_converter', 'ament_prefix_path')
[0.620s] INFO:colcon.colcon_core.shell:Creating environment hook '/home/ethanreynolds/github/robot-rover-2025/codebase/ros2/src/install/vehicle_string_converter/share/vehicle_string_converter/hook/ament_prefix_path.ps1'
[0.621s] INFO:colcon.colcon_core.shell:Creating environment descriptor '/home/ethanreynolds/github/robot-rover-2025/codebase/ros2/src/install/vehicle_string_converter/share/vehicle_string_converter/hook/ament_prefix_path.dsv'
[0.621s] INFO:colcon.colcon_core.shell:Creating environment hook '/home/ethanreynolds/github/robot-rover-2025/codebase/ros2/src/install/vehicle_string_converter/share/vehicle_string_converter/hook/ament_prefix_path.sh'
[0.623s] INFO:colcon.colcon_core.shell:Skip shell extension 'powershell' for command environment: Not usable outside of PowerShell
[0.623s] DEBUG:colcon.colcon_core.shell:Skip shell extension 'dsv' for command environment
[0.808s] INFO:colcon.colcon_core.task.python.build:Building Python package in '/home/ethanreynolds/github/robot-rover-2025/codebase/ros2/src/vehicle_assets'
[0.810s] INFO:colcon.colcon_core.shell:Skip shell extension 'powershell' for command environment: Not usable outside of PowerShell
[0.810s] DEBUG:colcon.colcon_core.shell:Skip shell extension 'dsv' for command environment
[0.990s] INFO:colcon.colcon_core.task.python.build:Building Python package in '/home/ethanreynolds/github/robot-rover-2025/codebase/ros2/src/vehicle_bringup'
[0.992s] INFO:colcon.colcon_core.shell:Skip shell extension 'powershell' for command environment: Not usable outside of PowerShell
[0.992s] DEBUG:colcon.colcon_core.shell:Skip shell extension 'dsv' for command environment
[1.147s] INFO:colcon.colcon_core.task.python.build:Building Python package in '/home/ethanreynolds/github/robot-rover-2025/codebase/ros2/src/vehicle_controllers'
[1.148s] INFO:colcon.colcon_core.shell:Skip shell extension 'powershell' for command environment: Not usable outside of PowerShell
[1.148s] DEBUG:colcon.colcon_core.shell:Skip shell extension 'dsv' for command environment
[1.272s] INFO:colcon.colcon_core.task.python.build:Building Python package in '/home/ethanreynolds/github/robot-rover-2025/codebase/ros2/src/vehicle_data_manager'
[1.273s] INFO:colcon.colcon_core.shell:Skip shell extension 'powershell' for command environment: Not usable outside of PowerShell
[1.273s] DEBUG:colcon.colcon_core.shell:Skip shell extension 'dsv' for command environment
[1.280s] DEBUG:colcon.colcon_core.event_handler.log_command:Invoking command in '/home/ethanreynolds/github/robot-rover-2025/codebase/ros2/src/build/vehicle_interfaces': CMAKE_PREFIX_PATH=/opt/ros/foxy /usr/bin/cmake /home/ethanreynolds/github/robot-rover-2025/codebase/ros2/src/vehicle_interfaces -DAMENT_CMAKE_SYMLINK_INSTALL=1 -DCMAKE_INSTALL_PREFIX=/home/ethanreynolds/github/robot-rover-2025/codebase/ros2/src/install/vehicle_interfaces
[1.368s] INFO:colcon.colcon_core.task.python.build:Building Python package in '/home/ethanreynolds/github/robot-rover-2025/codebase/ros2/src/vehicle_navigation'
[1.369s] INFO:colcon.colcon_core.shell:Skip shell extension 'powershell' for command environment: Not usable outside of PowerShell
[1.369s] DEBUG:colcon.colcon_core.shell:Skip shell extension 'dsv' for command environment
[1.461s] INFO:colcon.colcon_core.task.python.build:Building Python package in '/home/ethanreynolds/github/robot-rover-2025/codebase/ros2/src/vehicle_networking'
[1.462s] INFO:colcon.colcon_core.shell:Skip shell extension 'powershell' for command environment: Not usable outside of PowerShell
[1.462s] DEBUG:colcon.colcon_core.shell:Skip shell extension 'dsv' for command environment
[1.557s] INFO:colcon.colcon_core.task.python.build:Building Python package in '/home/ethanreynolds/github/robot-rover-2025/codebase/ros2/src/vehicle_packet_manager'
[1.558s] INFO:colcon.colcon_core.shell:Skip shell extension 'powershell' for command environment: Not usable outside of PowerShell
[1.558s] DEBUG:colcon.colcon_core.shell:Skip shell extension 'dsv' for command environment
[1.657s] INFO:colcon.colcon_core.task.python.build:Building Python package in '/home/ethanreynolds/github/robot-rover-2025/codebase/ros2/src/vehicle_simulation'
[1.658s] INFO:colcon.colcon_core.shell:Skip shell extension 'powershell' for command environment: Not usable outside of PowerShell
[1.658s] DEBUG:colcon.colcon_core.shell:Skip shell extension 'dsv' for command environment
[1.760s] INFO:colcon.colcon_core.task.python.build:Building Python package in '/home/ethanreynolds/github/robot-rover-2025/codebase/ros2/src/vehicle_string_converter'
[1.762s] INFO:colcon.colcon_core.shell:Skip shell extension 'powershell' for command environment: Not usable outside of PowerShell
[1.762s] DEBUG:colcon.colcon_core.shell:Skip shell extension 'dsv' for command environment
[2.124s] DEBUG:colcon.colcon_core.event_handler.log_command:Invoking command in '/home/ethanreynolds/github/robot-rover-2025/codebase/ros2/src/build/vehicle_assets': PYTHONPATH=/home/ethanreynolds/github/robot-rover-2025/codebase/ros2/src/build/vehicle_assets/prefix_override:/home/ethanreynolds/github/robot-rover-2025/codebase/ros2/src/install/vehicle_assets/lib/python3.8/site-packages:${PYTHONPATH} /usr/bin/python3 setup.py develop --editable --build-directory /home/ethanreynolds/github/robot-rover-2025/codebase/ros2/src/build/vehicle_assets/build --no-deps install_data
[2.132s] DEBUG:colcon.colcon_core.event_handler.log_command:Invoking command in '/home/ethanreynolds/github/robot-rover-2025/codebase/ros2/src/build/vehicle_packet_manager': PYTHONPATH=/home/ethanreynolds/github/robot-rover-2025/codebase/ros2/src/build/vehicle_packet_manager/prefix_override:/home/ethanreynolds/github/robot-rover-2025/codebase/ros2/src/install/vehicle_packet_manager/lib/python3.8/site-packages:${PYTHONPATH} /usr/bin/python3 setup.py develop --editable --build-directory /home/ethanreynolds/github/robot-rover-2025/codebase/ros2/src/build/vehicle_packet_manager/build --no-deps install_data
[2.178s] DEBUG:colcon.colcon_core.event_handler.log_command:Invoking command in '/home/ethanreynolds/github/robot-rover-2025/codebase/ros2/src/build/vehicle_controllers': PYTHONPATH=/home/ethanreynolds/github/robot-rover-2025/codebase/ros2/src/build/vehicle_controllers/prefix_override:/home/ethanreynolds/github/robot-rover-2025/codebase/ros2/src/install/vehicle_controllers/lib/python3.8/site-packages:${PYTHONPATH} /usr/bin/python3 setup.py develop --editable --build-directory /home/ethanreynolds/github/robot-rover-2025/codebase/ros2/src/build/vehicle_controllers/build --no-deps install_data
[2.180s] DEBUG:colcon.colcon_core.event_handler.log_command:Invoking command in '/home/ethanreynolds/github/robot-rover-2025/codebase/ros2/src/build/vehicle_navigation': PYTHONPATH=/home/ethanreynolds/github/robot-rover-2025/codebase/ros2/src/build/vehicle_navigation/prefix_override:/home/ethanreynolds/github/robot-rover-2025/codebase/ros2/src/install/vehicle_navigation/lib/python3.8/site-packages:${PYTHONPATH} /usr/bin/python3 setup.py develop --editable --build-directory /home/ethanreynolds/github/robot-rover-2025/codebase/ros2/src/build/vehicle_navigation/build --no-deps install_data
[2.187s] DEBUG:colcon.colcon_core.event_handler.log_command:Invoking command in '/home/ethanreynolds/github/robot-rover-2025/codebase/ros2/src/build/vehicle_data_manager': PYTHONPATH=/home/ethanreynolds/github/robot-rover-2025/codebase/ros2/src/build/vehicle_data_manager/prefix_override:/home/ethanreynolds/github/robot-rover-2025/codebase/ros2/src/install/vehicle_data_manager/lib/python3.8/site-packages:${PYTHONPATH} /usr/bin/python3 setup.py develop --editable --build-directory /home/ethanreynolds/github/robot-rover-2025/codebase/ros2/src/build/vehicle_data_manager/build --no-deps install_data
[2.201s] DEBUG:colcon.colcon_core.event_handler.log_command:Invoking command in '/home/ethanreynolds/github/robot-rover-2025/codebase/ros2/src/build/vehicle_simulation': PYTHONPATH=/home/ethanreynolds/github/robot-rover-2025/codebase/ros2/src/build/vehicle_simulation/prefix_override:/home/ethanreynolds/github/robot-rover-2025/codebase/ros2/src/install/vehicle_simulation/lib/python3.8/site-packages:${PYTHONPATH} /usr/bin/python3 setup.py develop --editable --build-directory /home/ethanreynolds/github/robot-rover-2025/codebase/ros2/src/build/vehicle_simulation/build --no-deps install_data
[2.248s] DEBUG:colcon.colcon_core.event_handler.log_command:Invoking command in '/home/ethanreynolds/github/robot-rover-2025/codebase/ros2/src/build/vehicle_string_converter': PYTHONPATH=/home/ethanreynolds/github/robot-rover-2025/codebase/ros2/src/build/vehicle_string_converter/prefix_override:/home/ethanreynolds/github/robot-rover-2025/codebase/ros2/src/install/vehicle_string_converter/lib/python3.8/site-packages:${PYTHONPATH} /usr/bin/python3 setup.py develop --editable --build-directory /home/ethanreynolds/github/robot-rover-2025/codebase/ros2/src/build/vehicle_string_converter/build --no-deps install_data
[2.341s] DEBUG:colcon.colcon_core.event_handler.log_command:Invoking command in '/home/ethanreynolds/github/robot-rover-2025/codebase/ros2/src/build/vehicle_networking': PYTHONPATH=/home/ethanreynolds/github/robot-rover-2025/codebase/ros2/src/build/vehicle_networking/prefix_override:/home/ethanreynolds/github/robot-rover-2025/codebase/ros2/src/install/vehicle_networking/lib/python3.8/site-packages:${PYTHONPATH} /usr/bin/python3 setup.py develop --editable --build-directory /home/ethanreynolds/github/robot-rover-2025/codebase/ros2/src/build/vehicle_networking/build --no-deps install_data
[2.366s] DEBUG:colcon.colcon_core.event_handler.log_command:Invoking command in '/home/ethanreynolds/github/robot-rover-2025/codebase/ros2/src/build/vehicle_bringup': PYTHONPATH=/home/ethanreynolds/github/robot-rover-2025/codebase/ros2/src/build/vehicle_bringup/prefix_override:/home/ethanreynolds/github/robot-rover-2025/codebase/ros2/src/install/vehicle_bringup/lib/python3.8/site-packages:${PYTHONPATH} /usr/bin/python3 setup.py develop --editable --build-directory /home/ethanreynolds/github/robot-rover-2025/codebase/ros2/src/build/vehicle_bringup/build --no-deps install_data
[2.438s] Level 1:colcon.colcon_core.shell:create_environment_hook('vehicle_navigation', 'pythonpath_develop')
[2.439s] INFO:colcon.colcon_core.shell:Creating environment hook '/home/ethanreynolds/github/robot-rover-2025/codebase/ros2/src/build/vehicle_navigation/share/vehicle_navigation/hook/pythonpath_develop.ps1'
[2.440s] DEBUG:colcon.colcon_core.event_handler.log_command:Invoked command in '/home/ethanreynolds/github/robot-rover-2025/codebase/ros2/src/build/vehicle_navigation' returned '0': PYTHONPATH=/home/ethanreynolds/github/robot-rover-2025/codebase/ros2/src/build/vehicle_navigation/prefix_override:/home/ethanreynolds/github/robot-rover-2025/codebase/ros2/src/install/vehicle_navigation/lib/python3.8/site-packages:${PYTHONPATH} /usr/bin/python3 setup.py develop --editable --build-directory /home/ethanreynolds/github/robot-rover-2025/codebase/ros2/src/build/vehicle_navigation/build --no-deps install_data
[2.440s] INFO:colcon.colcon_core.shell:Creating environment descriptor '/home/ethanreynolds/github/robot-rover-2025/codebase/ros2/src/build/vehicle_navigation/share/vehicle_navigation/hook/pythonpath_develop.dsv'
[2.441s] INFO:colcon.colcon_core.shell:Creating environment hook '/home/ethanreynolds/github/robot-rover-2025/codebase/ros2/src/build/vehicle_navigation/share/vehicle_navigation/hook/pythonpath_develop.sh'
[2.449s] Level 1:colcon.colcon_core.environment:checking '/home/ethanreynolds/github/robot-rover-2025/codebase/ros2/src/install/vehicle_navigation' for CMake module files
[2.450s] Level 1:colcon.colcon_core.environment:checking '/home/ethanreynolds/github/robot-rover-2025/codebase/ros2/src/install/vehicle_navigation' for CMake config files
[2.451s] Level 1:colcon.colcon_core.environment:checking '/home/ethanreynolds/github/robot-rover-2025/codebase/ros2/src/install/vehicle_navigation/lib'
[2.451s] Level 1:colcon.colcon_core.environment:checking '/home/ethanreynolds/github/robot-rover-2025/codebase/ros2/src/install/vehicle_navigation/bin'
[2.451s] Level 1:colcon.colcon_core.environment:checking '/home/ethanreynolds/github/robot-rover-2025/codebase/ros2/src/install/vehicle_navigation/lib/pkgconfig/vehicle_navigation.pc'
[2.452s] Level 1:colcon.colcon_core.environment:checking '/home/ethanreynolds/github/robot-rover-2025/codebase/ros2/src/install/vehicle_navigation/lib/python3.8/site-packages'
[2.452s] Level 1:colcon.colcon_core.shell:create_environment_hook('vehicle_navigation', 'pythonpath')
[2.453s] INFO:colcon.colcon_core.shell:Creating environment hook '/home/ethanreynolds/github/robot-rover-2025/codebase/ros2/src/install/vehicle_navigation/share/vehicle_navigation/hook/pythonpath.ps1'
[2.454s] INFO:colcon.colcon_core.shell:Creating environment descriptor '/home/ethanreynolds/github/robot-rover-2025/codebase/ros2/src/install/vehicle_navigation/share/vehicle_navigation/hook/pythonpath.dsv'
[2.454s] INFO:colcon.colcon_core.shell:Creating environment hook '/home/ethanreynolds/github/robot-rover-2025/codebase/ros2/src/install/vehicle_navigation/share/vehicle_navigation/hook/pythonpath.sh'
[2.454s] Level 1:colcon.colcon_core.environment:checking '/home/ethanreynolds/github/robot-rover-2025/codebase/ros2/src/install/vehicle_navigation/bin'
[2.454s] Level 1:colcon.colcon_core.environment:create_environment_scripts_only(vehicle_navigation)
[2.455s] INFO:colcon.colcon_core.shell:Creating package script '/home/ethanreynolds/github/robot-rover-2025/codebase/ros2/src/install/vehicle_navigation/share/vehicle_navigation/package.ps1'
[2.457s] INFO:colcon.colcon_core.shell:Creating package descriptor '/home/ethanreynolds/github/robot-rover-2025/codebase/ros2/src/install/vehicle_navigation/share/vehicle_navigation/package.dsv'
[2.457s] INFO:colcon.colcon_core.shell:Creating package script '/home/ethanreynolds/github/robot-rover-2025/codebase/ros2/src/install/vehicle_navigation/share/vehicle_navigation/package.sh'
[2.458s] INFO:colcon.colcon_core.shell:Creating package script '/home/ethanreynolds/github/robot-rover-2025/codebase/ros2/src/install/vehicle_navigation/share/vehicle_navigation/package.bash'
[2.458s] INFO:colcon.colcon_core.shell:Creating package script '/home/ethanreynolds/github/robot-rover-2025/codebase/ros2/src/install/vehicle_navigation/share/vehicle_navigation/package.zsh'
[2.459s] Level 1:colcon.colcon_core.environment:create_file_with_runtime_dependencies(/home/ethanreynolds/github/robot-rover-2025/codebase/ros2/src/install/vehicle_navigation/share/colcon-core/packages/vehicle_navigation)
[2.460s] Level 1:colcon.colcon_core.shell:create_environment_hook('vehicle_assets', 'pythonpath_develop')
[2.461s] INFO:colcon.colcon_core.shell:Creating environment hook '/home/ethanreynolds/github/robot-rover-2025/codebase/ros2/src/build/vehicle_assets/share/vehicle_assets/hook/pythonpath_develop.ps1'
[2.462s] INFO:colcon.colcon_core.shell:Creating environment descriptor '/home/ethanreynolds/github/robot-rover-2025/codebase/ros2/src/build/vehicle_assets/share/vehicle_assets/hook/pythonpath_develop.dsv'
[2.462s] INFO:colcon.colcon_core.shell:Creating environment hook '/home/ethanreynolds/github/robot-rover-2025/codebase/ros2/src/build/vehicle_assets/share/vehicle_assets/hook/pythonpath_develop.sh'
[2.463s] Level 1:colcon.colcon_core.environment:checking '/home/ethanreynolds/github/robot-rover-2025/codebase/ros2/src/install/vehicle_assets' for CMake module files
[2.464s] Level 1:colcon.colcon_core.environment:checking '/home/ethanreynolds/github/robot-rover-2025/codebase/ros2/src/install/vehicle_assets' for CMake config files
[2.464s] Level 1:colcon.colcon_core.environment:checking '/home/ethanreynolds/github/robot-rover-2025/codebase/ros2/src/install/vehicle_assets/lib'
[2.464s] Level 1:colcon.colcon_core.environment:checking '/home/ethanreynolds/github/robot-rover-2025/codebase/ros2/src/install/vehicle_assets/bin'
[2.464s] Level 1:colcon.colcon_core.environment:checking '/home/ethanreynolds/github/robot-rover-2025/codebase/ros2/src/install/vehicle_assets/lib/pkgconfig/vehicle_assets.pc'
[2.464s] Level 1:colcon.colcon_core.environment:checking '/home/ethanreynolds/github/robot-rover-2025/codebase/ros2/src/install/vehicle_assets/lib/python3.8/site-packages'
[2.464s] Level 1:colcon.colcon_core.shell:create_environment_hook('vehicle_assets', 'pythonpath')
[2.465s] INFO:colcon.colcon_core.shell:Creating environment hook '/home/ethanreynolds/github/robot-rover-2025/codebase/ros2/src/install/vehicle_assets/share/vehicle_assets/hook/pythonpath.ps1'
[2.466s] DEBUG:colcon.colcon_core.event_handler.log_command:Invoked command in '/home/ethanreynolds/github/robot-rover-2025/codebase/ros2/src/build/vehicle_assets' returned '0': PYTHONPATH=/home/ethanreynolds/github/robot-rover-2025/codebase/ros2/src/build/vehicle_assets/prefix_override:/home/ethanreynolds/github/robot-rover-2025/codebase/ros2/src/install/vehicle_assets/lib/python3.8/site-packages:${PYTHONPATH} /usr/bin/python3 setup.py develop --editable --build-directory /home/ethanreynolds/github/robot-rover-2025/codebase/ros2/src/build/vehicle_assets/build --no-deps install_data
[2.466s] INFO:colcon.colcon_core.shell:Creating environment descriptor '/home/ethanreynolds/github/robot-rover-2025/codebase/ros2/src/install/vehicle_assets/share/vehicle_assets/hook/pythonpath.dsv'
[2.466s] INFO:colcon.colcon_core.shell:Creating environment hook '/home/ethanreynolds/github/robot-rover-2025/codebase/ros2/src/install/vehicle_assets/share/vehicle_assets/hook/pythonpath.sh'
[2.466s] Level 1:colcon.colcon_core.environment:checking '/home/ethanreynolds/github/robot-rover-2025/codebase/ros2/src/install/vehicle_assets/bin'
[2.466s] Level 1:colcon.colcon_core.environment:create_environment_scripts_only(vehicle_assets)
[2.467s] INFO:colcon.colcon_core.shell:Creating package script '/home/ethanreynolds/github/robot-rover-2025/codebase/ros2/src/install/vehicle_assets/share/vehicle_assets/package.ps1'
[2.468s] INFO:colcon.colcon_core.shell:Creating package descriptor '/home/ethanreynolds/github/robot-rover-2025/codebase/ros2/src/install/vehicle_assets/share/vehicle_assets/package.dsv'
[2.468s] INFO:colcon.colcon_core.shell:Creating package script '/home/ethanreynolds/github/robot-rover-2025/codebase/ros2/src/install/vehicle_assets/share/vehicle_assets/package.sh'
[2.468s] INFO:colcon.colcon_core.shell:Creating package script '/home/ethanreynolds/github/robot-rover-2025/codebase/ros2/src/install/vehicle_assets/share/vehicle_assets/package.bash'
[2.468s] INFO:colcon.colcon_core.shell:Creating package script '/home/ethanreynolds/github/robot-rover-2025/codebase/ros2/src/install/vehicle_assets/share/vehicle_assets/package.zsh'
[2.469s] Level 1:colcon.colcon_core.environment:create_file_with_runtime_dependencies(/home/ethanreynolds/github/robot-rover-2025/codebase/ros2/src/install/vehicle_assets/share/colcon-core/packages/vehicle_assets)
[2.484s] Level 1:colcon.colcon_core.shell:create_environment_hook('vehicle_packet_manager', 'pythonpath_develop')
[2.485s] INFO:colcon.colcon_core.shell:Creating environment hook '/home/ethanreynolds/github/robot-rover-2025/codebase/ros2/src/build/vehicle_packet_manager/share/vehicle_packet_manager/hook/pythonpath_develop.ps1'
[2.485s] DEBUG:colcon.colcon_core.event_handler.log_command:Invoked command in '/home/ethanreynolds/github/robot-rover-2025/codebase/ros2/src/build/vehicle_packet_manager' returned '0': PYTHONPATH=/home/ethanreynolds/github/robot-rover-2025/codebase/ros2/src/build/vehicle_packet_manager/prefix_override:/home/ethanreynolds/github/robot-rover-2025/codebase/ros2/src/install/vehicle_packet_manager/lib/python3.8/site-packages:${PYTHONPATH} /usr/bin/python3 setup.py develop --editable --build-directory /home/ethanreynolds/github/robot-rover-2025/codebase/ros2/src/build/vehicle_packet_manager/build --no-deps install_data
[2.486s] INFO:colcon.colcon_core.shell:Creating environment descriptor '/home/ethanreynolds/github/robot-rover-2025/codebase/ros2/src/build/vehicle_packet_manager/share/vehicle_packet_manager/hook/pythonpath_develop.dsv'
[2.486s] INFO:colcon.colcon_core.shell:Creating environment hook '/home/ethanreynolds/github/robot-rover-2025/codebase/ros2/src/build/vehicle_packet_manager/share/vehicle_packet_manager/hook/pythonpath_develop.sh'
[2.488s] Level 1:colcon.colcon_core.environment:checking '/home/ethanreynolds/github/robot-rover-2025/codebase/ros2/src/install/vehicle_packet_manager' for CMake module files
[2.488s] Level 1:colcon.colcon_core.environment:checking '/home/ethanreynolds/github/robot-rover-2025/codebase/ros2/src/install/vehicle_packet_manager' for CMake config files
[2.489s] Level 1:colcon.colcon_core.environment:checking '/home/ethanreynolds/github/robot-rover-2025/codebase/ros2/src/install/vehicle_packet_manager/lib'
[2.489s] Level 1:colcon.colcon_core.environment:checking '/home/ethanreynolds/github/robot-rover-2025/codebase/ros2/src/install/vehicle_packet_manager/bin'
[2.489s] Level 1:colcon.colcon_core.environment:checking '/home/ethanreynolds/github/robot-rover-2025/codebase/ros2/src/install/vehicle_packet_manager/lib/pkgconfig/vehicle_packet_manager.pc'
[2.489s] Level 1:colcon.colcon_core.environment:checking '/home/ethanreynolds/github/robot-rover-2025/codebase/ros2/src/install/vehicle_packet_manager/lib/python3.8/site-packages'
[2.489s] Level 1:colcon.colcon_core.shell:create_environment_hook('vehicle_packet_manager', 'pythonpath')
[2.490s] INFO:colcon.colcon_core.shell:Creating environment hook '/home/ethanreynolds/github/robot-rover-2025/codebase/ros2/src/install/vehicle_packet_manager/share/vehicle_packet_manager/hook/pythonpath.ps1'
[2.491s] INFO:colcon.colcon_core.shell:Creating environment descriptor '/home/ethanreynolds/github/robot-rover-2025/codebase/ros2/src/install/vehicle_packet_manager/share/vehicle_packet_manager/hook/pythonpath.dsv'
[2.491s] INFO:colcon.colcon_core.shell:Creating environment hook '/home/ethanreynolds/github/robot-rover-2025/codebase/ros2/src/install/vehicle_packet_manager/share/vehicle_packet_manager/hook/pythonpath.sh'
[2.491s] Level 1:colcon.colcon_core.environment:checking '/home/ethanreynolds/github/robot-rover-2025/codebase/ros2/src/install/vehicle_packet_manager/bin'
[2.491s] Level 1:colcon.colcon_core.environment:create_environment_scripts_only(vehicle_packet_manager)
[2.492s] INFO:colcon.colcon_core.shell:Creating package script '/home/ethanreynolds/github/robot-rover-2025/codebase/ros2/src/install/vehicle_packet_manager/share/vehicle_packet_manager/package.ps1'
[2.492s] INFO:colcon.colcon_core.shell:Creating package descriptor '/home/ethanreynolds/github/robot-rover-2025/codebase/ros2/src/install/vehicle_packet_manager/share/vehicle_packet_manager/package.dsv'
[2.493s] INFO:colcon.colcon_core.shell:Creating package script '/home/ethanreynolds/github/robot-rover-2025/codebase/ros2/src/install/vehicle_packet_manager/share/vehicle_packet_manager/package.sh'
[2.493s] INFO:colcon.colcon_core.shell:Creating package script '/home/ethanreynolds/github/robot-rover-2025/codebase/ros2/src/install/vehicle_packet_manager/share/vehicle_packet_manager/package.bash'
[2.493s] INFO:colcon.colcon_core.shell:Creating package script '/home/ethanreynolds/github/robot-rover-2025/codebase/ros2/src/install/vehicle_packet_manager/share/vehicle_packet_manager/package.zsh'
[2.493s] Level 1:colcon.colcon_core.environment:create_file_with_runtime_dependencies(/home/ethanreynolds/github/robot-rover-2025/codebase/ros2/src/install/vehicle_packet_manager/share/colcon-core/packages/vehicle_packet_manager)
[2.510s] Level 1:colcon.colcon_core.shell:create_environment_hook('vehicle_controllers', 'pythonpath_develop')
[2.511s] INFO:colcon.colcon_core.shell:Creating environment hook '/home/ethanreynolds/github/robot-rover-2025/codebase/ros2/src/build/vehicle_controllers/share/vehicle_controllers/hook/pythonpath_develop.ps1'
[2.512s] DEBUG:colcon.colcon_core.event_handler.log_command:Invoked command in '/home/ethanreynolds/github/robot-rover-2025/codebase/ros2/src/build/vehicle_controllers' returned '0': PYTHONPATH=/home/ethanreynolds/github/robot-rover-2025/codebase/ros2/src/build/vehicle_controllers/prefix_override:/home/ethanreynolds/github/robot-rover-2025/codebase/ros2/src/install/vehicle_controllers/lib/python3.8/site-packages:${PYTHONPATH} /usr/bin/python3 setup.py develop --editable --build-directory /home/ethanreynolds/github/robot-rover-2025/codebase/ros2/src/build/vehicle_controllers/build --no-deps install_data
[2.512s] INFO:colcon.colcon_core.shell:Creating environment descriptor '/home/ethanreynolds/github/robot-rover-2025/codebase/ros2/src/build/vehicle_controllers/share/vehicle_controllers/hook/pythonpath_develop.dsv'
[2.512s] INFO:colcon.colcon_core.shell:Creating environment hook '/home/ethanreynolds/github/robot-rover-2025/codebase/ros2/src/build/vehicle_controllers/share/vehicle_controllers/hook/pythonpath_develop.sh'
[2.514s] Level 1:colcon.colcon_core.environment:checking '/home/ethanreynolds/github/robot-rover-2025/codebase/ros2/src/install/vehicle_controllers' for CMake module files
[2.514s] Level 1:colcon.colcon_core.environment:checking '/home/ethanreynolds/github/robot-rover-2025/codebase/ros2/src/install/vehicle_controllers' for CMake config files
[2.515s] Level 1:colcon.colcon_core.environment:checking '/home/ethanreynolds/github/robot-rover-2025/codebase/ros2/src/install/vehicle_controllers/lib'
[2.515s] Level 1:colcon.colcon_core.environment:checking '/home/ethanreynolds/github/robot-rover-2025/codebase/ros2/src/install/vehicle_controllers/bin'
[2.515s] Level 1:colcon.colcon_core.environment:checking '/home/ethanreynolds/github/robot-rover-2025/codebase/ros2/src/install/vehicle_controllers/lib/pkgconfig/vehicle_controllers.pc'
[2.515s] Level 1:colcon.colcon_core.environment:checking '/home/ethanreynolds/github/robot-rover-2025/codebase/ros2/src/install/vehicle_controllers/lib/python3.8/site-packages'
[2.515s] Level 1:colcon.colcon_core.shell:create_environment_hook('vehicle_controllers', 'pythonpath')
[2.516s] INFO:colcon.colcon_core.shell:Creating environment hook '/home/ethanreynolds/github/robot-rover-2025/codebase/ros2/src/install/vehicle_controllers/share/vehicle_controllers/hook/pythonpath.ps1'
[2.516s] INFO:colcon.colcon_core.shell:Creating environment descriptor '/home/ethanreynolds/github/robot-rover-2025/codebase/ros2/src/install/vehicle_controllers/share/vehicle_controllers/hook/pythonpath.dsv'
[2.517s] INFO:colcon.colcon_core.shell:Creating environment hook '/home/ethanreynolds/github/robot-rover-2025/codebase/ros2/src/install/vehicle_controllers/share/vehicle_controllers/hook/pythonpath.sh'
[2.517s] Level 1:colcon.colcon_core.environment:checking '/home/ethanreynolds/github/robot-rover-2025/codebase/ros2/src/install/vehicle_controllers/bin'
[2.517s] Level 1:colcon.colcon_core.environment:create_environment_scripts_only(vehicle_controllers)
[2.518s] INFO:colcon.colcon_core.shell:Creating package script '/home/ethanreynolds/github/robot-rover-2025/codebase/ros2/src/install/vehicle_controllers/share/vehicle_controllers/package.ps1'
[2.518s] INFO:colcon.colcon_core.shell:Creating package descriptor '/home/ethanreynolds/github/robot-rover-2025/codebase/ros2/src/install/vehicle_controllers/share/vehicle_controllers/package.dsv'
[2.518s] INFO:colcon.colcon_core.shell:Creating package script '/home/ethanreynolds/github/robot-rover-2025/codebase/ros2/src/install/vehicle_controllers/share/vehicle_controllers/package.sh'
[2.519s] INFO:colcon.colcon_core.shell:Creating package script '/home/ethanreynolds/github/robot-rover-2025/codebase/ros2/src/install/vehicle_controllers/share/vehicle_controllers/package.bash'
[2.519s] INFO:colcon.colcon_core.shell:Creating package script '/home/ethanreynolds/github/robot-rover-2025/codebase/ros2/src/install/vehicle_controllers/share/vehicle_controllers/package.zsh'
[2.519s] Level 1:colcon.colcon_core.environment:create_file_with_runtime_dependencies(/home/ethanreynolds/github/robot-rover-2025/codebase/ros2/src/install/vehicle_controllers/share/colcon-core/packages/vehicle_controllers)
[2.520s] Level 1:colcon.colcon_core.shell:create_environment_hook('vehicle_data_manager', 'pythonpath_develop')
[2.521s] INFO:colcon.colcon_core.shell:Creating environment hook '/home/ethanreynolds/github/robot-rover-2025/codebase/ros2/src/build/vehicle_data_manager/share/vehicle_data_manager/hook/pythonpath_develop.ps1'
[2.522s] DEBUG:colcon.colcon_core.event_handler.log_command:Invoked command in '/home/ethanreynolds/github/robot-rover-2025/codebase/ros2/src/build/vehicle_data_manager' returned '0': PYTHONPATH=/home/ethanreynolds/github/robot-rover-2025/codebase/ros2/src/build/vehicle_data_manager/prefix_override:/home/ethanreynolds/github/robot-rover-2025/codebase/ros2/src/install/vehicle_data_manager/lib/python3.8/site-packages:${PYTHONPATH} /usr/bin/python3 setup.py develop --editable --build-directory /home/ethanreynolds/github/robot-rover-2025/codebase/ros2/src/build/vehicle_data_manager/build --no-deps install_data
[2.522s] INFO:colcon.colcon_core.shell:Creating environment descriptor '/home/ethanreynolds/github/robot-rover-2025/codebase/ros2/src/build/vehicle_data_manager/share/vehicle_data_manager/hook/pythonpath_develop.dsv'
[2.522s] INFO:colcon.colcon_core.shell:Creating environment hook '/home/ethanreynolds/github/robot-rover-2025/codebase/ros2/src/build/vehicle_data_manager/share/vehicle_data_manager/hook/pythonpath_develop.sh'
[2.523s] Level 1:colcon.colcon_core.environment:checking '/home/ethanreynolds/github/robot-rover-2025/codebase/ros2/src/install/vehicle_data_manager' for CMake module files
[2.524s] Level 1:colcon.colcon_core.environment:checking '/home/ethanreynolds/github/robot-rover-2025/codebase/ros2/src/install/vehicle_data_manager' for CMake config files
[2.524s] Level 1:colcon.colcon_core.environment:checking '/home/ethanreynolds/github/robot-rover-2025/codebase/ros2/src/install/vehicle_data_manager/lib'
[2.524s] Level 1:colcon.colcon_core.environment:checking '/home/ethanreynolds/github/robot-rover-2025/codebase/ros2/src/install/vehicle_data_manager/bin'
[2.524s] Level 1:colcon.colcon_core.environment:checking '/home/ethanreynolds/github/robot-rover-2025/codebase/ros2/src/install/vehicle_data_manager/lib/pkgconfig/vehicle_data_manager.pc'
[2.524s] Level 1:colcon.colcon_core.environment:checking '/home/ethanreynolds/github/robot-rover-2025/codebase/ros2/src/install/vehicle_data_manager/lib/python3.8/site-packages'
[2.525s] Level 1:colcon.colcon_core.shell:create_environment_hook('vehicle_data_manager', 'pythonpath')
[2.525s] INFO:colcon.colcon_core.shell:Creating environment hook '/home/ethanreynolds/github/robot-rover-2025/codebase/ros2/src/install/vehicle_data_manager/share/vehicle_data_manager/hook/pythonpath.ps1'
[2.527s] INFO:colcon.colcon_core.shell:Creating environment descriptor '/home/ethanreynolds/github/robot-rover-2025/codebase/ros2/src/install/vehicle_data_manager/share/vehicle_data_manager/hook/pythonpath.dsv'
[2.527s] INFO:colcon.colcon_core.shell:Creating environment hook '/home/ethanreynolds/github/robot-rover-2025/codebase/ros2/src/install/vehicle_data_manager/share/vehicle_data_manager/hook/pythonpath.sh'
[2.527s] Level 1:colcon.colcon_core.environment:checking '/home/ethanreynolds/github/robot-rover-2025/codebase/ros2/src/install/vehicle_data_manager/bin'
[2.528s] Level 1:colcon.colcon_core.environment:create_environment_scripts_only(vehicle_data_manager)
[2.529s] INFO:colcon.colcon_core.shell:Creating package script '/home/ethanreynolds/github/robot-rover-2025/codebase/ros2/src/install/vehicle_data_manager/share/vehicle_data_manager/package.ps1'
[2.529s] INFO:colcon.colcon_core.shell:Creating package descriptor '/home/ethanreynolds/github/robot-rover-2025/codebase/ros2/src/install/vehicle_data_manager/share/vehicle_data_manager/package.dsv'
[2.529s] INFO:colcon.colcon_core.shell:Creating package script '/home/ethanreynolds/github/robot-rover-2025/codebase/ros2/src/install/vehicle_data_manager/share/vehicle_data_manager/package.sh'
[2.529s] INFO:colcon.colcon_core.shell:Creating package script '/home/ethanreynolds/github/robot-rover-2025/codebase/ros2/src/install/vehicle_data_manager/share/vehicle_data_manager/package.bash'
[2.530s] INFO:colcon.colcon_core.shell:Creating package script '/home/ethanreynolds/github/robot-rover-2025/codebase/ros2/src/install/vehicle_data_manager/share/vehicle_data_manager/package.zsh'
[2.530s] Level 1:colcon.colcon_core.environment:create_file_with_runtime_dependencies(/home/ethanreynolds/github/robot-rover-2025/codebase/ros2/src/install/vehicle_data_manager/share/colcon-core/packages/vehicle_data_manager)
[2.566s] Level 1:colcon.colcon_core.shell:create_environment_hook('vehicle_string_converter', 'pythonpath_develop')
[2.568s] INFO:colcon.colcon_core.shell:Creating environment hook '/home/ethanreynolds/github/robot-rover-2025/codebase/ros2/src/build/vehicle_string_converter/share/vehicle_string_converter/hook/pythonpath_develop.ps1'
[2.568s] DEBUG:colcon.colcon_core.event_handler.log_command:Invoked command in '/home/ethanreynolds/github/robot-rover-2025/codebase/ros2/src/build/vehicle_string_converter' returned '0': PYTHONPATH=/home/ethanreynolds/github/robot-rover-2025/codebase/ros2/src/build/vehicle_string_converter/prefix_override:/home/ethanreynolds/github/robot-rover-2025/codebase/ros2/src/install/vehicle_string_converter/lib/python3.8/site-packages:${PYTHONPATH} /usr/bin/python3 setup.py develop --editable --build-directory /home/ethanreynolds/github/robot-rover-2025/codebase/ros2/src/build/vehicle_string_converter/build --no-deps install_data
[2.568s] INFO:colcon.colcon_core.shell:Creating environment descriptor '/home/ethanreynolds/github/robot-rover-2025/codebase/ros2/src/build/vehicle_string_converter/share/vehicle_string_converter/hook/pythonpath_develop.dsv'
[2.569s] INFO:colcon.colcon_core.shell:Creating environment hook '/home/ethanreynolds/github/robot-rover-2025/codebase/ros2/src/build/vehicle_string_converter/share/vehicle_string_converter/hook/pythonpath_develop.sh'
[2.570s] Level 1:colcon.colcon_core.environment:checking '/home/ethanreynolds/github/robot-rover-2025/codebase/ros2/src/install/vehicle_string_converter' for CMake module files
[2.570s] Level 1:colcon.colcon_core.environment:checking '/home/ethanreynolds/github/robot-rover-2025/codebase/ros2/src/install/vehicle_string_converter' for CMake config files
[2.571s] Level 1:colcon.colcon_core.environment:checking '/home/ethanreynolds/github/robot-rover-2025/codebase/ros2/src/install/vehicle_string_converter/lib'
[2.571s] Level 1:colcon.colcon_core.environment:checking '/home/ethanreynolds/github/robot-rover-2025/codebase/ros2/src/install/vehicle_string_converter/bin'
[2.571s] Level 1:colcon.colcon_core.environment:checking '/home/ethanreynolds/github/robot-rover-2025/codebase/ros2/src/install/vehicle_string_converter/lib/pkgconfig/vehicle_string_converter.pc'
[2.571s] Level 1:colcon.colcon_core.environment:checking '/home/ethanreynolds/github/robot-rover-2025/codebase/ros2/src/install/vehicle_string_converter/lib/python3.8/site-packages'
[2.571s] Level 1:colcon.colcon_core.shell:create_environment_hook('vehicle_string_converter', 'pythonpath')
[2.572s] INFO:colcon.colcon_core.shell:Creating environment hook '/home/ethanreynolds/github/robot-rover-2025/codebase/ros2/src/install/vehicle_string_converter/share/vehicle_string_converter/hook/pythonpath.ps1'
[2.572s] INFO:colcon.colcon_core.shell:Creating environment descriptor '/home/ethanreynolds/github/robot-rover-2025/codebase/ros2/src/install/vehicle_string_converter/share/vehicle_string_converter/hook/pythonpath.dsv'
[2.572s] INFO:colcon.colcon_core.shell:Creating environment hook '/home/ethanreynolds/github/robot-rover-2025/codebase/ros2/src/install/vehicle_string_converter/share/vehicle_string_converter/hook/pythonpath.sh'
[2.572s] Level 1:colcon.colcon_core.environment:checking '/home/ethanreynolds/github/robot-rover-2025/codebase/ros2/src/install/vehicle_string_converter/bin'
[2.572s] Level 1:colcon.colcon_core.environment:create_environment_scripts_only(vehicle_string_converter)
[2.573s] INFO:colcon.colcon_core.shell:Creating package script '/home/ethanreynolds/github/robot-rover-2025/codebase/ros2/src/install/vehicle_string_converter/share/vehicle_string_converter/package.ps1'
[2.574s] INFO:colcon.colcon_core.shell:Creating package descriptor '/home/ethanreynolds/github/robot-rover-2025/codebase/ros2/src/install/vehicle_string_converter/share/vehicle_string_converter/package.dsv'
[2.574s] INFO:colcon.colcon_core.shell:Creating package script '/home/ethanreynolds/github/robot-rover-2025/codebase/ros2/src/install/vehicle_string_converter/share/vehicle_string_converter/package.sh'
[2.574s] INFO:colcon.colcon_core.shell:Creating package script '/home/ethanreynolds/github/robot-rover-2025/codebase/ros2/src/install/vehicle_string_converter/share/vehicle_string_converter/package.bash'
[2.575s] INFO:colcon.colcon_core.shell:Creating package script '/home/ethanreynolds/github/robot-rover-2025/codebase/ros2/src/install/vehicle_string_converter/share/vehicle_string_converter/package.zsh'
[2.575s] Level 1:colcon.colcon_core.environment:create_file_with_runtime_dependencies(/home/ethanreynolds/github/robot-rover-2025/codebase/ros2/src/install/vehicle_string_converter/share/colcon-core/packages/vehicle_string_converter)
[2.610s] Level 1:colcon.colcon_core.shell:create_environment_hook('vehicle_simulation', 'pythonpath_develop')
[2.611s] INFO:colcon.colcon_core.shell:Creating environment hook '/home/ethanreynolds/github/robot-rover-2025/codebase/ros2/src/build/vehicle_simulation/share/vehicle_simulation/hook/pythonpath_develop.ps1'
[2.612s] DEBUG:colcon.colcon_core.event_handler.log_command:Invoked command in '/home/ethanreynolds/github/robot-rover-2025/codebase/ros2/src/build/vehicle_simulation' returned '0': PYTHONPATH=/home/ethanreynolds/github/robot-rover-2025/codebase/ros2/src/build/vehicle_simulation/prefix_override:/home/ethanreynolds/github/robot-rover-2025/codebase/ros2/src/install/vehicle_simulation/lib/python3.8/site-packages:${PYTHONPATH} /usr/bin/python3 setup.py develop --editable --build-directory /home/ethanreynolds/github/robot-rover-2025/codebase/ros2/src/build/vehicle_simulation/build --no-deps install_data
[2.613s] INFO:colcon.colcon_core.shell:Creating environment descriptor '/home/ethanreynolds/github/robot-rover-2025/codebase/ros2/src/build/vehicle_simulation/share/vehicle_simulation/hook/pythonpath_develop.dsv'
[2.613s] INFO:colcon.colcon_core.shell:Creating environment hook '/home/ethanreynolds/github/robot-rover-2025/codebase/ros2/src/build/vehicle_simulation/share/vehicle_simulation/hook/pythonpath_develop.sh'
[2.615s] Level 1:colcon.colcon_core.environment:checking '/home/ethanreynolds/github/robot-rover-2025/codebase/ros2/src/install/vehicle_simulation' for CMake module files
[2.615s] Level 1:colcon.colcon_core.environment:checking '/home/ethanreynolds/github/robot-rover-2025/codebase/ros2/src/install/vehicle_simulation' for CMake config files
[2.615s] Level 1:colcon.colcon_core.environment:checking '/home/ethanreynolds/github/robot-rover-2025/codebase/ros2/src/install/vehicle_simulation/lib'
[2.616s] Level 1:colcon.colcon_core.environment:checking '/home/ethanreynolds/github/robot-rover-2025/codebase/ros2/src/install/vehicle_simulation/bin'
[2.616s] Level 1:colcon.colcon_core.environment:checking '/home/ethanreynolds/github/robot-rover-2025/codebase/ros2/src/install/vehicle_simulation/lib/pkgconfig/vehicle_simulation.pc'
[2.616s] Level 1:colcon.colcon_core.environment:checking '/home/ethanreynolds/github/robot-rover-2025/codebase/ros2/src/install/vehicle_simulation/lib/python3.8/site-packages'
[2.616s] Level 1:colcon.colcon_core.shell:create_environment_hook('vehicle_simulation', 'pythonpath')
[2.617s] INFO:colcon.colcon_core.shell:Creating environment hook '/home/ethanreynolds/github/robot-rover-2025/codebase/ros2/src/install/vehicle_simulation/share/vehicle_simulation/hook/pythonpath.ps1'
[2.617s] INFO:colcon.colcon_core.shell:Creating environment descriptor '/home/ethanreynolds/github/robot-rover-2025/codebase/ros2/src/install/vehicle_simulation/share/vehicle_simulation/hook/pythonpath.dsv'
[2.617s] INFO:colcon.colcon_core.shell:Creating environment hook '/home/ethanreynolds/github/robot-rover-2025/codebase/ros2/src/install/vehicle_simulation/share/vehicle_simulation/hook/pythonpath.sh'
[2.618s] Level 1:colcon.colcon_core.environment:checking '/home/ethanreynolds/github/robot-rover-2025/codebase/ros2/src/install/vehicle_simulation/bin'
[2.618s] Level 1:colcon.colcon_core.environment:create_environment_scripts_only(vehicle_simulation)
[2.619s] INFO:colcon.colcon_core.shell:Creating package script '/home/ethanreynolds/github/robot-rover-2025/codebase/ros2/src/install/vehicle_simulation/share/vehicle_simulation/package.ps1'
[2.620s] INFO:colcon.colcon_core.shell:Creating package descriptor '/home/ethanreynolds/github/robot-rover-2025/codebase/ros2/src/install/vehicle_simulation/share/vehicle_simulation/package.dsv'
[2.620s] INFO:colcon.colcon_core.shell:Creating package script '/home/ethanreynolds/github/robot-rover-2025/codebase/ros2/src/install/vehicle_simulation/share/vehicle_simulation/package.sh'
[2.621s] INFO:colcon.colcon_core.shell:Creating package script '/home/ethanreynolds/github/robot-rover-2025/codebase/ros2/src/install/vehicle_simulation/share/vehicle_simulation/package.bash'
[2.621s] INFO:colcon.colcon_core.shell:Creating package script '/home/ethanreynolds/github/robot-rover-2025/codebase/ros2/src/install/vehicle_simulation/share/vehicle_simulation/package.zsh'
[2.621s] Level 1:colcon.colcon_core.environment:create_file_with_runtime_dependencies(/home/ethanreynolds/github/robot-rover-2025/codebase/ros2/src/install/vehicle_simulation/share/colcon-core/packages/vehicle_simulation)
[2.628s] Level 1:colcon.colcon_core.shell:create_environment_hook('vehicle_networking', 'pythonpath_develop')
[2.630s] INFO:colcon.colcon_core.shell:Creating environment hook '/home/ethanreynolds/github/robot-rover-2025/codebase/ros2/src/build/vehicle_networking/share/vehicle_networking/hook/pythonpath_develop.ps1'
[2.630s] DEBUG:colcon.colcon_core.event_handler.log_command:Invoked command in '/home/ethanreynolds/github/robot-rover-2025/codebase/ros2/src/build/vehicle_networking' returned '0': PYTHONPATH=/home/ethanreynolds/github/robot-rover-2025/codebase/ros2/src/build/vehicle_networking/prefix_override:/home/ethanreynolds/github/robot-rover-2025/codebase/ros2/src/install/vehicle_networking/lib/python3.8/site-packages:${PYTHONPATH} /usr/bin/python3 setup.py develop --editable --build-directory /home/ethanreynolds/github/robot-rover-2025/codebase/ros2/src/build/vehicle_networking/build --no-deps install_data
[2.630s] INFO:colcon.colcon_core.shell:Creating environment descriptor '/home/ethanreynolds/github/robot-rover-2025/codebase/ros2/src/build/vehicle_networking/share/vehicle_networking/hook/pythonpath_develop.dsv'
[2.631s] INFO:colcon.colcon_core.shell:Creating environment hook '/home/ethanreynolds/github/robot-rover-2025/codebase/ros2/src/build/vehicle_networking/share/vehicle_networking/hook/pythonpath_develop.sh'
[2.632s] Level 1:colcon.colcon_core.environment:checking '/home/ethanreynolds/github/robot-rover-2025/codebase/ros2/src/install/vehicle_networking' for CMake module files
[2.632s] Level 1:colcon.colcon_core.environment:checking '/home/ethanreynolds/github/robot-rover-2025/codebase/ros2/src/install/vehicle_networking' for CMake config files
[2.633s] Level 1:colcon.colcon_core.environment:checking '/home/ethanreynolds/github/robot-rover-2025/codebase/ros2/src/install/vehicle_networking/lib'
[2.633s] Level 1:colcon.colcon_core.environment:checking '/home/ethanreynolds/github/robot-rover-2025/codebase/ros2/src/install/vehicle_networking/bin'
[2.633s] Level 1:colcon.colcon_core.environment:checking '/home/ethanreynolds/github/robot-rover-2025/codebase/ros2/src/install/vehicle_networking/lib/pkgconfig/vehicle_networking.pc'
[2.633s] Level 1:colcon.colcon_core.environment:checking '/home/ethanreynolds/github/robot-rover-2025/codebase/ros2/src/install/vehicle_networking/lib/python3.8/site-packages'
[2.633s] Level 1:colcon.colcon_core.shell:create_environment_hook('vehicle_networking', 'pythonpath')
[2.634s] INFO:colcon.colcon_core.shell:Creating environment hook '/home/ethanreynolds/github/robot-rover-2025/codebase/ros2/src/install/vehicle_networking/share/vehicle_networking/hook/pythonpath.ps1'
[2.635s] INFO:colcon.colcon_core.shell:Creating environment descriptor '/home/ethanreynolds/github/robot-rover-2025/codebase/ros2/src/install/vehicle_networking/share/vehicle_networking/hook/pythonpath.dsv'
[2.635s] INFO:colcon.colcon_core.shell:Creating environment hook '/home/ethanreynolds/github/robot-rover-2025/codebase/ros2/src/install/vehicle_networking/share/vehicle_networking/hook/pythonpath.sh'
[2.635s] Level 1:colcon.colcon_core.environment:checking '/home/ethanreynolds/github/robot-rover-2025/codebase/ros2/src/install/vehicle_networking/bin'
[2.635s] Level 1:colcon.colcon_core.environment:create_environment_scripts_only(vehicle_networking)
[2.636s] INFO:colcon.colcon_core.shell:Creating package script '/home/ethanreynolds/github/robot-rover-2025/codebase/ros2/src/install/vehicle_networking/share/vehicle_networking/package.ps1'
[2.637s] INFO:colcon.colcon_core.shell:Creating package descriptor '/home/ethanreynolds/github/robot-rover-2025/codebase/ros2/src/install/vehicle_networking/share/vehicle_networking/package.dsv'
[2.637s] INFO:colcon.colcon_core.shell:Creating package script '/home/ethanreynolds/github/robot-rover-2025/codebase/ros2/src/install/vehicle_networking/share/vehicle_networking/package.sh'
[2.637s] INFO:colcon.colcon_core.shell:Creating package script '/home/ethanreynolds/github/robot-rover-2025/codebase/ros2/src/install/vehicle_networking/share/vehicle_networking/package.bash'
[2.637s] INFO:colcon.colcon_core.shell:Creating package script '/home/ethanreynolds/github/robot-rover-2025/codebase/ros2/src/install/vehicle_networking/share/vehicle_networking/package.zsh'
[2.637s] Level 1:colcon.colcon_core.environment:create_file_with_runtime_dependencies(/home/ethanreynolds/github/robot-rover-2025/codebase/ros2/src/install/vehicle_networking/share/colcon-core/packages/vehicle_networking)
[2.659s] DEBUG:colcon.colcon_core.event_handler.log_command:Invoked command in '/home/ethanreynolds/github/robot-rover-2025/codebase/ros2/src/build/vehicle_bringup' returned '1': PYTHONPATH=/home/ethanreynolds/github/robot-rover-2025/codebase/ros2/src/build/vehicle_bringup/prefix_override:/home/ethanreynolds/github/robot-rover-2025/codebase/ros2/src/install/vehicle_bringup/lib/python3.8/site-packages:${PYTHONPATH} /usr/bin/python3 setup.py develop --editable --build-directory /home/ethanreynolds/github/robot-rover-2025/codebase/ros2/src/build/vehicle_bringup/build --no-deps install_data
[3.251s] DEBUG:colcon.colcon_parallel_executor.executor.parallel:closing loop
[3.251s] DEBUG:colcon.colcon_parallel_executor.executor.parallel:loop closed
[3.251s] DEBUG:colcon.colcon_parallel_executor.executor.parallel:run_until_complete finished with '1'
[3.251s] DEBUG:colcon.colcon_core.event_reactor:joining thread
[3.267s] INFO:colcon.colcon_core.plugin_system:Skipping extension 'colcon_notification.desktop_notification.notify_send': Could not find 'notify-send'
[3.267s] INFO:colcon.colcon_core.plugin_system:Skipping extension 'colcon_notification.desktop_notification.terminal_notifier': Not used on non-Darwin systems
[3.267s] INFO:colcon.colcon_core.plugin_system:Skipping extension 'colcon_notification.desktop_notification.win32': Not used on non-Windows systems
[3.267s] INFO:colcon.colcon_notification.desktop_notification:Sending desktop notification using 'notify2'
[3.275s] DEBUG:colcon.colcon_notification.desktop_notification.notify2:Failed to initialize notify2: org.freedesktop.DBus.Error.Spawn.ExecFailed: /usr/bin/dbus-launch terminated abnormally without any error message
[3.275s] DEBUG:colcon.colcon_core.event_reactor:joined thread
[3.277s] INFO:colcon.colcon_core.shell:Creating prefix script '/home/ethanreynolds/github/robot-rover-2025/codebase/ros2/src/install/local_setup.ps1'
[3.277s] INFO:colcon.colcon_core.shell:Creating prefix util module '/home/ethanreynolds/github/robot-rover-2025/codebase/ros2/src/install/_local_setup_util_ps1.py'
[3.278s] INFO:colcon.colcon_core.shell:Creating prefix chain script '/home/ethanreynolds/github/robot-rover-2025/codebase/ros2/src/install/setup.ps1'
[3.279s] INFO:colcon.colcon_core.shell:Creating prefix script '/home/ethanreynolds/github/robot-rover-2025/codebase/ros2/src/install/local_setup.sh'
[3.280s] INFO:colcon.colcon_core.shell:Creating prefix util module '/home/ethanreynolds/github/robot-rover-2025/codebase/ros2/src/install/_local_setup_util_sh.py'
[3.280s] INFO:colcon.colcon_core.shell:Creating prefix chain script '/home/ethanreynolds/github/robot-rover-2025/codebase/ros2/src/install/setup.sh'
[3.280s] INFO:colcon.colcon_core.shell:Creating prefix script '/home/ethanreynolds/github/robot-rover-2025/codebase/ros2/src/install/local_setup.bash'
[3.281s] INFO:colcon.colcon_core.shell:Creating prefix chain script '/home/ethanreynolds/github/robot-rover-2025/codebase/ros2/src/install/setup.bash'
[3.281s] INFO:colcon.colcon_core.shell:Creating prefix script '/home/ethanreynolds/github/robot-rover-2025/codebase/ros2/src/install/local_setup.zsh'
[3.282s] INFO:colcon.colcon_core.shell:Creating prefix chain script '/home/ethanreynolds/github/robot-rover-2025/codebase/ros2/src/install/setup.zsh'
