[0.713s] Invoking command in '/home/ethanreynolds/github/robot-rover-2025/codebase/ros2/src/build/vehicle_interfaces': CMAKE_PREFIX_PATH=/opt/ros/foxy /usr/bin/cmake /home/ethanreynolds/github/robot-rover-2025/codebase/ros2/src/vehicle_interfaces -DAMENT_CMAKE_SYMLINK_INSTALL=1 -DCMAKE_INSTALL_PREFIX=/home/ethanreynolds/github/robot-rover-2025/codebase/ros2/src/install/vehicle_interfaces
[1.203s] -- The C compiler identification is GNU 9.4.0
[1.203s] -- The CXX compiler identification is GNU 9.4.0
[1.203s] -- Check for working C compiler: /usr/bin/cc
[1.203s] -- Check for working C compiler: /usr/bin/cc -- works
[1.203s] -- Detecting C compiler ABI info
[1.204s] -- Detecting C compiler ABI info - done
[1.204s] -- Detecting C compile features
[1.204s] -- Detecting C compile features - done
[1.204s] -- Check for working CXX compiler: /usr/bin/c++
[1.204s] -- Check for working CXX compiler: /usr/bin/c++ -- works
[1.204s] -- Detecting CXX compiler ABI info
[1.303s] -- Detecting CXX compiler ABI info - done
[1.308s] -- Detecting CXX compile features
[1.308s] -- Detecting CXX compile features - done
[1.318s] -- Found ament_cmake: 0.9.12 (/opt/ros/foxy/share/ament_cmake/cmake)
[1.337s] -- Found PythonInterp: /usr/bin/python3 (found suitable version "3.8.10", minimum required is "3") 
[1.337s] -- Using PYTHON_EXECUTABLE: /usr/bin/python3
[1.458s] -- Override CMake install command with custom implementation using symlinks instead of copying resources
[1.533s] -- Found rosidl_default_generators: 1.0.1 (/opt/ros/foxy/share/rosidl_default_generators/cmake)
[1.545s] -- Using all available rosidl_typesupport_c: rosidl_typesupport_fastrtps_c;rosidl_typesupport_introspection_c
[1.558s] -- Found rosidl_adapter: 1.3.1 (/opt/ros/foxy/share/rosidl_adapter/cmake)
[1.761s] -- Found OpenSSL: /usr/lib/x86_64-linux-gnu/libcrypto.so (found version "1.1.1f")  
[1.807s] -- Found FastRTPS: /opt/ros/foxy/include  
[1.910s] -- Using all available rosidl_typesupport_cpp: rosidl_typesupport_fastrtps_cpp;rosidl_typesupport_introspection_cpp
[1.940s] -- Found std_msgs: 2.0.5 (/opt/ros/foxy/share/std_msgs/cmake)
[1.969s] -- Found sensor_msgs: 2.0.5 (/opt/ros/foxy/share/sensor_msgs/cmake)
[2.063s] -- Found PythonInterp: /usr/bin/python3 (found version "3.8.10") 
[2.224s] -- Found ament_cmake_ros: 0.9.2 (/opt/ros/foxy/share/ament_cmake_ros/cmake)
[2.393s] -- Using all available rosidl_typesupport_c: rosidl_typesupport_fastrtps_c;rosidl_typesupport_introspection_c
[2.464s] -- Using all available rosidl_typesupport_cpp: rosidl_typesupport_fastrtps_cpp;rosidl_typesupport_introspection_cpp
[2.482s] -- Found PythonInterp: /usr/bin/python3 (found suitable version "3.8.10", minimum required is "3.5") 
[2.483s] -- Found python_cmake_module: 0.8.1 (/opt/ros/foxy/share/python_cmake_module/cmake)
[2.501s] -- Found PythonLibs: /usr/lib/x86_64-linux-gnu/libpython3.8.so (found suitable version "3.8.10", minimum required is "3.5") 
[2.501s] -- Using PYTHON_EXECUTABLE: /usr/bin/python3
[2.501s] -- Using PYTHON_INCLUDE_DIRS: /usr/include/python3.8
[2.501s] -- Using PYTHON_LIBRARIES: /usr/lib/x86_64-linux-gnu/libpython3.8.so
[2.516s] -- Found PythonExtra: .so  
[2.569s] -- Found ament_lint_auto: 0.9.8 (/opt/ros/foxy/share/ament_lint_auto/cmake)
[2.595s] -- Added test 'copyright' to check source files copyright and LICENSE
[2.597s] -- Added test 'lint_cmake' to check CMake code style
[2.599s] -- Added test 'xmllint' to check XML markup files
[2.603s] -- Configuring done
[2.664s] -- Generating done
[2.665s] -- Build files have been written to: /home/ethanreynolds/github/robot-rover-2025/codebase/ros2/src/build/vehicle_interfaces
