running develop
running egg_info
creating vehicle_assets.egg-info
writing vehicle_assets.egg-info/PKG-INFO
writing dependency_links to vehicle_assets.egg-info/dependency_links.txt
writing entry points to vehicle_assets.egg-info/entry_points.txt
writing requirements to vehicle_assets.egg-info/requires.txt
writing top-level names to vehicle_assets.egg-info/top_level.txt
writing manifest file 'vehicle_assets.egg-info/SOURCES.txt'
reading manifest file 'vehicle_assets.egg-info/SOURCES.txt'
writing manifest file 'vehicle_assets.egg-info/SOURCES.txt'
running build_ext
Creating /home/ethanreynolds/github/robot-rover-2025/codebase/ros2/src/install/vehicle_assets/lib/python3.8/site-packages/site.py
Creating /home/ethanreynolds/github/robot-rover-2025/codebase/ros2/src/install/vehicle_assets/lib/python3.8/site-packages/vehicle-assets.egg-link (link to .)

Installed /home/ethanreynolds/github/robot-rover-2025/codebase/ros2/src/build/vehicle_assets
running install_data
creating /home/ethanreynolds/github/robot-rover-2025/codebase/ros2/src/install/vehicle_assets/share/ament_index
creating /home/ethanreynolds/github/robot-rover-2025/codebase/ros2/src/install/vehicle_assets/share/ament_index/resource_index
creating /home/ethanreynolds/github/robot-rover-2025/codebase/ros2/src/install/vehicle_assets/share/ament_index/resource_index/packages
copying resource/vehicle_assets -> /home/ethanreynolds/github/robot-rover-2025/codebase/ros2/src/install/vehicle_assets/share/ament_index/resource_index/packages
copying package.xml -> /home/ethanreynolds/github/robot-rover-2025/codebase/ros2/src/install/vehicle_assets/share/vehicle_assets
