[1.628s] Invoking command in '/home/ethanreynolds/github/robot-rover-2025/codebase/ros2/src/build/vehicle_string_converter': PYTHONPATH=/home/ethanreynolds/github/robot-rover-2025/codebase/ros2/src/build/vehicle_string_converter/prefix_override:/home/ethanreynolds/github/robot-rover-2025/codebase/ros2/src/install/vehicle_string_converter/lib/python3.8/site-packages:${PYTHONPATH} /usr/bin/python3 setup.py develop --editable --build-directory /home/ethanreynolds/github/robot-rover-2025/codebase/ros2/src/build/vehicle_string_converter/build --no-deps install_data
[1.815s] running develop
[1.857s] running egg_info
[1.857s] creating vehicle_string_converter.egg-info
[1.857s] writing vehicle_string_converter.egg-info/PKG-INFO
[1.857s] writing dependency_links to vehicle_string_converter.egg-info/dependency_links.txt
[1.857s] writing entry points to vehicle_string_converter.egg-info/entry_points.txt
[1.857s] writing requirements to vehicle_string_converter.egg-info/requires.txt
[1.857s] writing top-level names to vehicle_string_converter.egg-info/top_level.txt
[1.858s] writing manifest file 'vehicle_string_converter.egg-info/SOURCES.txt'
[1.881s] reading manifest file 'vehicle_string_converter.egg-info/SOURCES.txt'
[1.882s] writing manifest file 'vehicle_string_converter.egg-info/SOURCES.txt'
[1.904s] running build_ext
[1.904s] Creating /home/ethanreynolds/github/robot-rover-2025/codebase/ros2/src/install/vehicle_string_converter/lib/python3.8/site-packages/site.py
[1.906s] Creating /home/ethanreynolds/github/robot-rover-2025/codebase/ros2/src/install/vehicle_string_converter/lib/python3.8/site-packages/vehicle-string-converter.egg-link (link to .)
[1.906s] Installing control_string_builder script to /home/ethanreynolds/github/robot-rover-2025/codebase/ros2/src/install/vehicle_string_converter/lib/vehicle_string_converter
[1.906s] Installing control_string_parser script to /home/ethanreynolds/github/robot-rover-2025/codebase/ros2/src/install/vehicle_string_converter/lib/vehicle_string_converter
[1.906s] Installing sensor_string_parser script to /home/ethanreynolds/github/robot-rover-2025/codebase/ros2/src/install/vehicle_string_converter/lib/vehicle_string_converter
[1.906s] 
[1.906s] Installed /home/ethanreynolds/github/robot-rover-2025/codebase/ros2/src/build/vehicle_string_converter
[1.906s] running install_data
[1.906s] creating /home/ethanreynolds/github/robot-rover-2025/codebase/ros2/src/install/vehicle_string_converter/share/ament_index
[1.906s] creating /home/ethanreynolds/github/robot-rover-2025/codebase/ros2/src/install/vehicle_string_converter/share/ament_index/resource_index
[1.906s] creating /home/ethanreynolds/github/robot-rover-2025/codebase/ros2/src/install/vehicle_string_converter/share/ament_index/resource_index/packages
[1.906s] copying resource/vehicle_string_converter -> /home/ethanreynolds/github/robot-rover-2025/codebase/ros2/src/install/vehicle_string_converter/share/ament_index/resource_index/packages
[1.906s] copying package.xml -> /home/ethanreynolds/github/robot-rover-2025/codebase/ros2/src/install/vehicle_string_converter/share/vehicle_string_converter
[1.906s] creating /home/ethanreynolds/github/robot-rover-2025/codebase/ros2/src/install/vehicle_string_converter/share/vehicle_string_converter/config
[1.906s] copying config/sensor_names.yaml -> /home/ethanreynolds/github/robot-rover-2025/codebase/ros2/src/install/vehicle_string_converter/share/vehicle_string_converter/config
[1.906s] copying config/sensor_encoding.yaml -> /home/ethanreynolds/github/robot-rover-2025/codebase/ros2/src/install/vehicle_string_converter/share/vehicle_string_converter/config
[1.906s] copying config/control_codes.yaml -> /home/ethanreynolds/github/robot-rover-2025/codebase/ros2/src/install/vehicle_string_converter/share/vehicle_string_converter/config
[1.906s] copying config/sensor_codes.yaml -> /home/ethanreynolds/github/robot-rover-2025/codebase/ros2/src/install/vehicle_string_converter/share/vehicle_string_converter/config
[1.907s] copying config/delimiters.yaml -> /home/ethanreynolds/github/robot-rover-2025/codebase/ros2/src/install/vehicle_string_converter/share/vehicle_string_converter/config
[1.907s] copying config/sensor_fields.yaml -> /home/ethanreynolds/github/robot-rover-2025/codebase/ros2/src/install/vehicle_string_converter/share/vehicle_string_converter/config
[1.948s] Invoked command in '/home/ethanreynolds/github/robot-rover-2025/codebase/ros2/src/build/vehicle_string_converter' returned '0': PYTHONPATH=/home/ethanreynolds/github/robot-rover-2025/codebase/ros2/src/build/vehicle_string_converter/prefix_override:/home/ethanreynolds/github/robot-rover-2025/codebase/ros2/src/install/vehicle_string_converter/lib/python3.8/site-packages:${PYTHONPATH} /usr/bin/python3 setup.py develop --editable --build-directory /home/ethanreynolds/github/robot-rover-2025/codebase/ros2/src/build/vehicle_string_converter/build --no-deps install_data
