running develop
running egg_info
creating vehicle_simulation.egg-info
writing vehicle_simulation.egg-info/PKG-INFO
writing dependency_links to vehicle_simulation.egg-info/dependency_links.txt
writing entry points to vehicle_simulation.egg-info/entry_points.txt
writing requirements to vehicle_simulation.egg-info/requires.txt
writing top-level names to vehicle_simulation.egg-info/top_level.txt
writing manifest file 'vehicle_simulation.egg-info/SOURCES.txt'
reading manifest file 'vehicle_simulation.egg-info/SOURCES.txt'
writing manifest file 'vehicle_simulation.egg-info/SOURCES.txt'
running build_ext
Creating /home/ethanreynolds/github/robot-rover-2025/codebase/ros2/src/install/vehicle_simulation/lib/python3.8/site-packages/site.py
Creating /home/ethanreynolds/github/robot-rover-2025/codebase/ros2/src/install/vehicle_simulation/lib/python3.8/site-packages/vehicle-simulation.egg-link (link to .)
Installing vehicle_control_sim script to /home/ethanreynolds/github/robot-rover-2025/codebase/ros2/src/install/vehicle_simulation/lib/vehicle_simulation
Installing vehicle_sensor_sim script to /home/ethanreynolds/github/robot-rover-2025/codebase/ros2/src/install/vehicle_simulation/lib/vehicle_simulation

Installed /home/ethanreynolds/github/robot-rover-2025/codebase/ros2/src/build/vehicle_simulation
running install_data
creating /home/ethanreynolds/github/robot-rover-2025/codebase/ros2/src/install/vehicle_simulation/share/ament_index
creating /home/ethanreynolds/github/robot-rover-2025/codebase/ros2/src/install/vehicle_simulation/share/ament_index/resource_index
creating /home/ethanreynolds/github/robot-rover-2025/codebase/ros2/src/install/vehicle_simulation/share/ament_index/resource_index/packages
copying resource/vehicle_simulation -> /home/ethanreynolds/github/robot-rover-2025/codebase/ros2/src/install/vehicle_simulation/share/ament_index/resource_index/packages
copying package.xml -> /home/ethanreynolds/github/robot-rover-2025/codebase/ros2/src/install/vehicle_simulation/share/vehicle_simulation
