[1.594s] Invoking command in '/home/ethanreynolds/github/robot-rover-2025/codebase/ros2/src/build/vehicle_simulation': PYTHONPATH=/home/ethanreynolds/github/robot-rover-2025/codebase/ros2/src/build/vehicle_simulation/prefix_override:/home/ethanreynolds/github/robot-rover-2025/codebase/ros2/src/install/vehicle_simulation/lib/python3.8/site-packages:${PYTHONPATH} /usr/bin/python3 setup.py develop --editable --build-directory /home/ethanreynolds/github/robot-rover-2025/codebase/ros2/src/build/vehicle_simulation/build --no-deps install_data
[1.871s] running develop
[1.928s] running egg_info
[1.928s] creating vehicle_simulation.egg-info
[1.928s] writing vehicle_simulation.egg-info/PKG-INFO
[1.928s] writing dependency_links to vehicle_simulation.egg-info/dependency_links.txt
[1.929s] writing entry points to vehicle_simulation.egg-info/entry_points.txt
[1.929s] writing requirements to vehicle_simulation.egg-info/requires.txt
[1.929s] writing top-level names to vehicle_simulation.egg-info/top_level.txt
[1.930s] writing manifest file 'vehicle_simulation.egg-info/SOURCES.txt'
[1.953s] reading manifest file 'vehicle_simulation.egg-info/SOURCES.txt'
[1.953s] writing manifest file 'vehicle_simulation.egg-info/SOURCES.txt'
[1.973s] running build_ext
[1.973s] Creating /home/ethanreynolds/github/robot-rover-2025/codebase/ros2/src/install/vehicle_simulation/lib/python3.8/site-packages/site.py
[1.974s] Creating /home/ethanreynolds/github/robot-rover-2025/codebase/ros2/src/install/vehicle_simulation/lib/python3.8/site-packages/vehicle-simulation.egg-link (link to .)
[1.975s] Installing vehicle_control_sim script to /home/ethanreynolds/github/robot-rover-2025/codebase/ros2/src/install/vehicle_simulation/lib/vehicle_simulation
[1.975s] Installing vehicle_sensor_sim script to /home/ethanreynolds/github/robot-rover-2025/codebase/ros2/src/install/vehicle_simulation/lib/vehicle_simulation
[1.975s] 
[1.975s] Installed /home/ethanreynolds/github/robot-rover-2025/codebase/ros2/src/build/vehicle_simulation
[1.975s] running install_data
[1.975s] creating /home/ethanreynolds/github/robot-rover-2025/codebase/ros2/src/install/vehicle_simulation/share/ament_index
[1.975s] creating /home/ethanreynolds/github/robot-rover-2025/codebase/ros2/src/install/vehicle_simulation/share/ament_index/resource_index
[1.975s] creating /home/ethanreynolds/github/robot-rover-2025/codebase/ros2/src/install/vehicle_simulation/share/ament_index/resource_index/packages
[1.975s] copying resource/vehicle_simulation -> /home/ethanreynolds/github/robot-rover-2025/codebase/ros2/src/install/vehicle_simulation/share/ament_index/resource_index/packages
[1.975s] copying package.xml -> /home/ethanreynolds/github/robot-rover-2025/codebase/ros2/src/install/vehicle_simulation/share/vehicle_simulation
[2.004s] Invoked command in '/home/ethanreynolds/github/robot-rover-2025/codebase/ros2/src/build/vehicle_simulation' returned '0': PYTHONPATH=/home/ethanreynolds/github/robot-rover-2025/codebase/ros2/src/build/vehicle_simulation/prefix_override:/home/ethanreynolds/github/robot-rover-2025/codebase/ros2/src/install/vehicle_simulation/lib/python3.8/site-packages:${PYTHONPATH} /usr/bin/python3 setup.py develop --editable --build-directory /home/ethanreynolds/github/robot-rover-2025/codebase/ros2/src/build/vehicle_simulation/build --no-deps install_data
