[1.537s] Invoking command in '/home/ethanreynolds/github/robot-rover-2025/codebase/ros2/src/build/vehicle_packet_manager': PYTHONPATH=/home/ethanreynolds/github/robot-rover-2025/codebase/ros2/src/build/vehicle_packet_manager/prefix_override:/home/ethanreynolds/github/robot-rover-2025/codebase/ros2/src/install/vehicle_packet_manager/lib/python3.8/site-packages:${PYTHONPATH} /usr/bin/python3 setup.py develop --editable --build-directory /home/ethanreynolds/github/robot-rover-2025/codebase/ros2/src/build/vehicle_packet_manager/build --no-deps install_data
[1.733s] running develop
[1.784s] running egg_info
[1.785s] creating vehicle_packet_manager.egg-info
[1.785s] writing vehicle_packet_manager.egg-info/PKG-INFO
[1.785s] writing dependency_links to vehicle_packet_manager.egg-info/dependency_links.txt
[1.785s] writing entry points to vehicle_packet_manager.egg-info/entry_points.txt
[1.786s] writing requirements to vehicle_packet_manager.egg-info/requires.txt
[1.786s] writing top-level names to vehicle_packet_manager.egg-info/top_level.txt
[1.786s] writing manifest file 'vehicle_packet_manager.egg-info/SOURCES.txt'
[1.807s] reading manifest file 'vehicle_packet_manager.egg-info/SOURCES.txt'
[1.807s] writing manifest file 'vehicle_packet_manager.egg-info/SOURCES.txt'
[1.830s] running build_ext
[1.830s] Creating /home/ethanreynolds/github/robot-rover-2025/codebase/ros2/src/install/vehicle_packet_manager/lib/python3.8/site-packages/site.py
[1.831s] Creating /home/ethanreynolds/github/robot-rover-2025/codebase/ros2/src/install/vehicle_packet_manager/lib/python3.8/site-packages/vehicle-packet-manager.egg-link (link to .)
[1.832s] 
[1.832s] Installed /home/ethanreynolds/github/robot-rover-2025/codebase/ros2/src/build/vehicle_packet_manager
[1.832s] running install_data
[1.832s] creating /home/ethanreynolds/github/robot-rover-2025/codebase/ros2/src/install/vehicle_packet_manager/share/ament_index
[1.832s] creating /home/ethanreynolds/github/robot-rover-2025/codebase/ros2/src/install/vehicle_packet_manager/share/ament_index/resource_index
[1.832s] creating /home/ethanreynolds/github/robot-rover-2025/codebase/ros2/src/install/vehicle_packet_manager/share/ament_index/resource_index/packages
[1.832s] copying resource/vehicle_packet_manager -> /home/ethanreynolds/github/robot-rover-2025/codebase/ros2/src/install/vehicle_packet_manager/share/ament_index/resource_index/packages
[1.832s] copying package.xml -> /home/ethanreynolds/github/robot-rover-2025/codebase/ros2/src/install/vehicle_packet_manager/share/vehicle_packet_manager
[1.891s] Invoked command in '/home/ethanreynolds/github/robot-rover-2025/codebase/ros2/src/build/vehicle_packet_manager' returned '0': PYTHONPATH=/home/ethanreynolds/github/robot-rover-2025/codebase/ros2/src/build/vehicle_packet_manager/prefix_override:/home/ethanreynolds/github/robot-rover-2025/codebase/ros2/src/install/vehicle_packet_manager/lib/python3.8/site-packages:${PYTHONPATH} /usr/bin/python3 setup.py develop --editable --build-directory /home/ethanreynolds/github/robot-rover-2025/codebase/ros2/src/build/vehicle_packet_manager/build --no-deps install_data
