[1.628s] Invoking command in '/home/ethanreynolds/github/robot-rover-2025/codebase/ros2/src/build/vehicle_controllers': PYTHONPATH=/home/ethanreynolds/github/robot-rover-2025/codebase/ros2/src/build/vehicle_controllers/prefix_override:/home/ethanreynolds/github/robot-rover-2025/codebase/ros2/src/install/vehicle_controllers/lib/python3.8/site-packages:${PYTHONPATH} /usr/bin/python3 setup.py develop --editable --build-directory /home/ethanreynolds/github/robot-rover-2025/codebase/ros2/src/build/vehicle_controllers/build --no-deps install_data
[1.777s] running develop
[1.833s] running egg_info
[1.833s] creating vehicle_controllers.egg-info
[1.834s] writing vehicle_controllers.egg-info/PKG-INFO
[1.834s] writing dependency_links to vehicle_controllers.egg-info/dependency_links.txt
[1.834s] writing entry points to vehicle_controllers.egg-info/entry_points.txt
[1.834s] writing requirements to vehicle_controllers.egg-info/requires.txt
[1.834s] writing top-level names to vehicle_controllers.egg-info/top_level.txt
[1.836s] writing manifest file 'vehicle_controllers.egg-info/SOURCES.txt'
[1.862s] reading manifest file 'vehicle_controllers.egg-info/SOURCES.txt'
[1.862s] writing manifest file 'vehicle_controllers.egg-info/SOURCES.txt'
[1.894s] running build_ext
[1.894s] Creating /home/ethanreynolds/github/robot-rover-2025/codebase/ros2/src/install/vehicle_controllers/lib/python3.8/site-packages/site.py
[1.895s] Creating /home/ethanreynolds/github/robot-rover-2025/codebase/ros2/src/install/vehicle_controllers/lib/python3.8/site-packages/vehicle-controllers.egg-link (link to .)
[1.895s] Installing ir_control script to /home/ethanreynolds/github/robot-rover-2025/codebase/ros2/src/install/vehicle_controllers/lib/vehicle_controllers
[1.896s] 
[1.896s] Installed /home/ethanreynolds/github/robot-rover-2025/codebase/ros2/src/build/vehicle_controllers
[1.896s] running install_data
[1.896s] creating /home/ethanreynolds/github/robot-rover-2025/codebase/ros2/src/install/vehicle_controllers/share/ament_index
[1.896s] creating /home/ethanreynolds/github/robot-rover-2025/codebase/ros2/src/install/vehicle_controllers/share/ament_index/resource_index
[1.896s] creating /home/ethanreynolds/github/robot-rover-2025/codebase/ros2/src/install/vehicle_controllers/share/ament_index/resource_index/packages
[1.896s] copying resource/vehicle_controllers -> /home/ethanreynolds/github/robot-rover-2025/codebase/ros2/src/install/vehicle_controllers/share/ament_index/resource_index/packages
[1.896s] copying package.xml -> /home/ethanreynolds/github/robot-rover-2025/codebase/ros2/src/install/vehicle_controllers/share/vehicle_controllers
[1.896s] creating /home/ethanreynolds/github/robot-rover-2025/codebase/ros2/src/install/vehicle_controllers/share/vehicle_controllers/config
[1.896s] copying config/ir_commands.yaml -> /home/ethanreynolds/github/robot-rover-2025/codebase/ros2/src/install/vehicle_controllers/share/vehicle_controllers/config
[1.897s] copying config/control_defaults.yaml -> /home/ethanreynolds/github/robot-rover-2025/codebase/ros2/src/install/vehicle_controllers/share/vehicle_controllers/config
[1.962s] Invoked command in '/home/ethanreynolds/github/robot-rover-2025/codebase/ros2/src/build/vehicle_controllers' returned '0': PYTHONPATH=/home/ethanreynolds/github/robot-rover-2025/codebase/ros2/src/build/vehicle_controllers/prefix_override:/home/ethanreynolds/github/robot-rover-2025/codebase/ros2/src/install/vehicle_controllers/lib/python3.8/site-packages:${PYTHONPATH} /usr/bin/python3 setup.py develop --editable --build-directory /home/ethanreynolds/github/robot-rover-2025/codebase/ros2/src/build/vehicle_controllers/build --no-deps install_data
